  [1m[35m (42.6ms)[0m  [1m[35mCREATE DATABASE `source_orders` DEFAULT CHARACTER SET `utf8mb4` /*application='SourceApi'*/[0m
  [1m[35m (21.5ms)[0m  [1m[35mCREATE DATABASE `source_api_test` DEFAULT CHARACTER SET `utf8mb4` /*application='SourceApi'*/[0m
  [1m[35m (13.9ms)[0m  [1m[35mCREATE TABLE `schema_migrations` (`version` varchar(255) NOT NULL PRIMARY KEY) /*application='SourceApi'*/[0m
  [1m[35m (9.5ms)[0m  [1m[35mCREATE TABLE `ar_internal_metadata` (`key` varchar(255) NOT NULL PRIMARY KEY, `value` varchar(255), `created_at` datetime(6) NOT NULL, `updated_at` datetime(6) NOT NULL) /*application='SourceApi'*/[0m
  [1m[35m (0.3ms)[0m  [1m[34mSELECT GET_LOCK('2887570663818023400', 0) /*application='SourceApi'*/[0m
  [1m[36mActiveRecord::SchemaMigration Load (4.3ms)[0m  [1m[34mSELECT `schema_migrations`.`version` FROM `schema_migrations` ORDER BY `schema_migrations`.`version` ASC /*application='SourceApi'*/[0m
  [1m[36mActiveRecord::InternalMetadata Load (2.5ms)[0m  [1m[34mSELECT * FROM `ar_internal_metadata` WHERE `ar_internal_metadata`.`key` = 'environment' ORDER BY `ar_internal_metadata`.`key` ASC LIMIT 1 /*application='SourceApi'*/[0m
  [1m[36mActiveRecord::InternalMetadata Create (6.2ms)[0m  [1m[32mINSERT INTO `ar_internal_metadata` (`key`, `value`, `created_at`, `updated_at`) VALUES ('environment', 'development', '2026-07-12 10:05:03.880392', '2026-07-12 10:05:03.880398') /*application='SourceApi'*/[0m
Migrating to CreateSourceSchema (20260712000001)
  [1m[35m (18.3ms)[0m  [1m[35mCREATE TABLE `orders` (`id` varchar(36) NOT NULL PRIMARY KEY, `customer_id` varchar(36) NOT NULL, `amount` decimal(12,2) NOT NULL, `status` varchar(32) NOT NULL, `created_at` datetime(6) NOT NULL, `updated_at` datetime(6) NOT NULL) /*application='SourceApi'*/[0m
  [1m[35m (35.0ms)[0m  [1m[35mCREATE TABLE `outbox` (`id` bigint unsigned NOT NULL AUTO_INCREMENT PRIMARY KEY, `event_id` varchar(36) NOT NULL, `aggregate_id` varchar(36) NOT NULL, `event_type` varchar(64) NOT NULL, `payload` json NOT NULL, `published` boolean DEFAULT FALSE NOT NULL, `created_at` datetime(6) DEFAULT CURRENT_TIMESTAMP(6) NOT NULL, UNIQUE INDEX `uk_outbox_event_id` (`event_id`), INDEX `idx_outbox_published` (`published`, `id`)) /*application='SourceApi'*/[0m
  [1m[36mActiveRecord::SchemaMigration Create (1.6ms)[0m  [1m[32mINSERT INTO `schema_migrations` (`version`) VALUES ('20260712000001') /*application='SourceApi'*/[0m
  [1m[35m (0.6ms)[0m  [1m[34mSELECT RELEASE_LOCK('2887570663818023400') /*application='SourceApi'*/[0m
  [1m[36mActiveRecord::SchemaMigration Load (0.4ms)[0m  [1m[34mSELECT `schema_migrations`.`version` FROM `schema_migrations` ORDER BY `schema_migrations`.`version` ASC /*application='SourceApi'*/[0m
  [1m[36mActiveRecord::SchemaMigration Load (1.4ms)[0m  [1m[34mSELECT `schema_migrations`.`version` FROM `schema_migrations` ORDER BY `schema_migrations`.`version` ASC /*application='SourceApi'*/[0m
  [1m[36mActiveRecord::InternalMetadata Load (0.5ms)[0m  [1m[34mSELECT * FROM `ar_internal_metadata` WHERE `ar_internal_metadata`.`key` = 'environment' ORDER BY `ar_internal_metadata`.`key` ASC LIMIT 1 /*application='SourceApi'*/[0m
  [1m[36mActiveRecord::SchemaMigration Load (0.4ms)[0m  [1m[34mSELECT `schema_migrations`.`version` FROM `schema_migrations` ORDER BY `schema_migrations`.`version` ASC /*application='SourceApi'*/[0m
  [1m[36mActiveRecord::InternalMetadata Load (0.5ms)[0m  [1m[34mSELECT * FROM `ar_internal_metadata` WHERE `ar_internal_metadata`.`key` = 'environment' ORDER BY `ar_internal_metadata`.`key` ASC LIMIT 1 /*application='SourceApi'*/[0m
  [1m[36mActiveRecord::SchemaMigration Load (0.4ms)[0m  [1m[34mSELECT `schema_migrations`.`version` FROM `schema_migrations` ORDER BY `schema_migrations`.`version` ASC /*application='SourceApi'*/[0m
  [1m[36mActiveRecord::InternalMetadata Load (0.4ms)[0m  [1m[34mSELECT * FROM `ar_internal_metadata` WHERE `ar_internal_metadata`.`key` = 'environment' ORDER BY `ar_internal_metadata`.`key` ASC LIMIT 1 /*application='SourceApi'*/[0m
  [1m[35m (23.6ms)[0m  [1m[35mDROP DATABASE IF EXISTS `source_api_test` /*application='SourceApi'*/[0m
  [1m[35m (3.2ms)[0m  [1m[35mCREATE DATABASE `source_api_test` DEFAULT CHARACTER SET `utf8mb4` /*application='SourceApi'*/[0m
  [1m[35m (2.9ms)[0m  [1m[35mDROP TABLE IF EXISTS `orders` CASCADE /*application='SourceApi'*/[0m
  [1m[35m (13.4ms)[0m  [1m[35mCREATE TABLE `orders` (`id` varchar(36) NOT NULL PRIMARY KEY, `amount` decimal(12,2) NOT NULL, `created_at` datetime(6) NOT NULL, `customer_id` varchar(36) NOT NULL, `status` varchar(32) NOT NULL, `updated_at` datetime(6) NOT NULL) DEFAULT CHARSET=utf8mb4 COLLATE=utf8mb4_0900_ai_ci /*application='SourceApi'*/[0m
  [1m[35m (1.3ms)[0m  [1m[35mDROP TABLE IF EXISTS `outbox` CASCADE /*application='SourceApi'*/[0m
  [1m[35m (14.3ms)[0m  [1m[35mCREATE TABLE `outbox` (`id` bigint unsigned NOT NULL AUTO_INCREMENT PRIMARY KEY, `aggregate_id` varchar(36) NOT NULL, `created_at` datetime(6) DEFAULT CURRENT_TIMESTAMP(6) NOT NULL, `event_id` varchar(36) NOT NULL, `event_type` varchar(64) NOT NULL, `payload` json NOT NULL, `published` boolean DEFAULT FALSE NOT NULL, UNIQUE INDEX `uk_outbox_event_id` (`event_id`), INDEX `idx_outbox_published` (`published`, `id`)) DEFAULT CHARSET=utf8mb4 COLLATE=utf8mb4_0900_ai_ci /*application='SourceApi'*/[0m
  [1m[35m (9.5ms)[0m  [1m[35mCREATE TABLE `schema_migrations` (`version` varchar(255) NOT NULL PRIMARY KEY) /*application='SourceApi'*/[0m
  [1m[36mActiveRecord::SchemaMigration Load (0.6ms)[0m  [1m[34mSELECT `schema_migrations`.`version` FROM `schema_migrations` ORDER BY `schema_migrations`.`version` ASC /*application='SourceApi'*/[0m
  [1m[35m (1.4ms)[0m  [1m[32mINSERT INTO `schema_migrations` (version) VALUES (20260712000001) /*application='SourceApi'*/[0m
  [1m[35m (8.8ms)[0m  [1m[35mCREATE TABLE `ar_internal_metadata` (`key` varchar(255) NOT NULL PRIMARY KEY, `value` varchar(255), `created_at` datetime(6) NOT NULL, `updated_at` datetime(6) NOT NULL) /*application='SourceApi'*/[0m
  [1m[36mActiveRecord::InternalMetadata Load (0.7ms)[0m  [1m[34mSELECT * FROM `ar_internal_metadata` WHERE `ar_internal_metadata`.`key` = 'environment' ORDER BY `ar_internal_metadata`.`key` ASC LIMIT 1 /*application='SourceApi'*/[0m
  [1m[36mActiveRecord::InternalMetadata Create (1.3ms)[0m  [1m[32mINSERT INTO `ar_internal_metadata` (`key`, `value`, `created_at`, `updated_at`) VALUES ('environment', 'development', '2026-07-12 10:06:51.675434', '2026-07-12 10:06:51.675439') /*application='SourceApi'*/[0m
  [1m[36mActiveRecord::InternalMetadata Load (0.3ms)[0m  [1m[34mSELECT * FROM `ar_internal_metadata` WHERE `ar_internal_metadata`.`key` = 'environment' ORDER BY `ar_internal_metadata`.`key` ASC LIMIT 1 /*application='SourceApi'*/[0m
  [1m[36mActiveRecord::InternalMetadata Update (1.6ms)[0m  [1m[33mUPDATE `ar_internal_metadata` SET `ar_internal_metadata`.`value` = 'test', `ar_internal_metadata`.`updated_at` = '2026-07-12 10:06:51.679220' WHERE `ar_internal_metadata`.`key` = 'environment' /*application='SourceApi'*/[0m
  [1m[36mActiveRecord::InternalMetadata Load (0.3ms)[0m  [1m[34mSELECT * FROM `ar_internal_metadata` WHERE `ar_internal_metadata`.`key` = 'schema_sha1' ORDER BY `ar_internal_metadata`.`key` ASC LIMIT 1 /*application='SourceApi'*/[0m
  [1m[36mActiveRecord::InternalMetadata Create (1.2ms)[0m  [1m[32mINSERT INTO `ar_internal_metadata` (`key`, `value`, `created_at`, `updated_at`) VALUES ('schema_sha1', '1d88b97346ccbe3056e67a2e0984ad9099f9ca26', '2026-07-12 10:06:51.681928', '2026-07-12 10:06:51.681928') /*application='SourceApi'*/[0m
  [1m[36mActiveRecord::SchemaMigration Load (0.6ms)[0m  [1m[34mSELECT `schema_migrations`.`version` FROM `schema_migrations` ORDER BY `schema_migrations`.`version` ASC /*application='SourceApi'*/[0m
  [1m[36mActiveRecord::InternalMetadata Load (0.7ms)[0m  [1m[34mSELECT * FROM `ar_internal_metadata` WHERE `ar_internal_metadata`.`key` = 'environment' ORDER BY `ar_internal_metadata`.`key` ASC LIMIT 1 /*application='SourceApi'*/[0m
  [1m[36mActiveRecord::SchemaMigration Load (0.5ms)[0m  [1m[34mSELECT `schema_migrations`.`version` FROM `schema_migrations` ORDER BY `schema_migrations`.`version` ASC /*application='SourceApi'*/[0m
  [1m[36mActiveRecord::InternalMetadata Load (0.5ms)[0m  [1m[34mSELECT * FROM `ar_internal_metadata` WHERE `ar_internal_metadata`.`key` = 'environment' ORDER BY `ar_internal_metadata`.`key` ASC LIMIT 1 /*application='SourceApi'*/[0m
  [1m[36mActiveRecord::SchemaMigration Load (0.5ms)[0m  [1m[34mSELECT `schema_migrations`.`version` FROM `schema_migrations` ORDER BY `schema_migrations`.`version` ASC /*application='SourceApi'*/[0m
  [1m[36mActiveRecord::InternalMetadata Load (0.5ms)[0m  [1m[34mSELECT * FROM `ar_internal_metadata` WHERE `ar_internal_metadata`.`key` = 'environment' ORDER BY `ar_internal_metadata`.`key` ASC LIMIT 1 /*application='SourceApi'*/[0m
  [1m[35m (38.9ms)[0m  [1m[35mDROP DATABASE IF EXISTS `source_api_test` /*application='SourceApi'*/[0m
  [1m[35m (2.4ms)[0m  [1m[35mCREATE DATABASE `source_api_test` DEFAULT CHARACTER SET `utf8mb4` /*application='SourceApi'*/[0m
  [1m[35m (1.3ms)[0m  [1m[35mDROP TABLE IF EXISTS `orders` CASCADE /*application='SourceApi'*/[0m
  [1m[35m (7.6ms)[0m  [1m[35mCREATE TABLE `orders` (`id` varchar(36) NOT NULL PRIMARY KEY, `amount` decimal(12,2) NOT NULL, `created_at` datetime(6) NOT NULL, `customer_id` varchar(36) NOT NULL, `status` varchar(32) NOT NULL, `updated_at` datetime(6) NOT NULL) DEFAULT CHARSET=utf8mb4 COLLATE=utf8mb4_0900_ai_ci /*application='SourceApi'*/[0m
  [1m[35m (0.9ms)[0m  [1m[35mDROP TABLE IF EXISTS `outbox` CASCADE /*application='SourceApi'*/[0m
  [1m[35m (11.3ms)[0m  [1m[35mCREATE TABLE `outbox` (`id` bigint unsigned NOT NULL AUTO_INCREMENT PRIMARY KEY, `aggregate_id` varchar(36) NOT NULL, `created_at` datetime(6) DEFAULT CURRENT_TIMESTAMP(6) NOT NULL, `event_id` varchar(36) NOT NULL, `event_type` varchar(64) NOT NULL, `payload` json NOT NULL, `published` boolean DEFAULT FALSE NOT NULL, UNIQUE INDEX `uk_outbox_event_id` (`event_id`), INDEX `idx_outbox_published` (`published`, `id`)) DEFAULT CHARSET=utf8mb4 COLLATE=utf8mb4_0900_ai_ci /*application='SourceApi'*/[0m
  [1m[35m (7.3ms)[0m  [1m[35mCREATE TABLE `schema_migrations` (`version` varchar(255) NOT NULL PRIMARY KEY) /*application='SourceApi'*/[0m
  [1m[36mActiveRecord::SchemaMigration Load (0.5ms)[0m  [1m[34mSELECT `schema_migrations`.`version` FROM `schema_migrations` ORDER BY `schema_migrations`.`version` ASC /*application='SourceApi'*/[0m
  [1m[35m (1.1ms)[0m  [1m[32mINSERT INTO `schema_migrations` (version) VALUES (20260712000001) /*application='SourceApi'*/[0m
  [1m[35m (8.1ms)[0m  [1m[35mCREATE TABLE `ar_internal_metadata` (`key` varchar(255) NOT NULL PRIMARY KEY, `value` varchar(255), `created_at` datetime(6) NOT NULL, `updated_at` datetime(6) NOT NULL) /*application='SourceApi'*/[0m
  [1m[36mActiveRecord::InternalMetadata Load (0.5ms)[0m  [1m[34mSELECT * FROM `ar_internal_metadata` WHERE `ar_internal_metadata`.`key` = 'environment' ORDER BY `ar_internal_metadata`.`key` ASC LIMIT 1 /*application='SourceApi'*/[0m
  [1m[36mActiveRecord::InternalMetadata Create (1.1ms)[0m  [1m[32mINSERT INTO `ar_internal_metadata` (`key`, `value`, `created_at`, `updated_at`) VALUES ('environment', 'development', '2026-07-12 10:10:04.341916', '2026-07-12 10:10:04.341917') /*application='SourceApi'*/[0m
  [1m[36mActiveRecord::InternalMetadata Load (0.3ms)[0m  [1m[34mSELECT * FROM `ar_internal_metadata` WHERE `ar_internal_metadata`.`key` = 'environment' ORDER BY `ar_internal_metadata`.`key` ASC LIMIT 1 /*application='SourceApi'*/[0m
  [1m[36mActiveRecord::InternalMetadata Update (1.1ms)[0m  [1m[33mUPDATE `ar_internal_metadata` SET `ar_internal_metadata`.`value` = 'test', `ar_internal_metadata`.`updated_at` = '2026-07-12 10:10:04.344950' WHERE `ar_internal_metadata`.`key` = 'environment' /*application='SourceApi'*/[0m
  [1m[36mActiveRecord::InternalMetadata Load (0.3ms)[0m  [1m[34mSELECT * FROM `ar_internal_metadata` WHERE `ar_internal_metadata`.`key` = 'schema_sha1' ORDER BY `ar_internal_metadata`.`key` ASC LIMIT 1 /*application='SourceApi'*/[0m
  [1m[36mActiveRecord::InternalMetadata Create (2.2ms)[0m  [1m[32mINSERT INTO `ar_internal_metadata` (`key`, `value`, `created_at`, `updated_at`) VALUES ('schema_sha1', '1d88b97346ccbe3056e67a2e0984ad9099f9ca26', '2026-07-12 10:10:04.347064', '2026-07-12 10:10:04.347065') /*application='SourceApi'*/[0m
  [1m[36mActiveRecord::SchemaMigration Load (0.3ms)[0m  [1m[34mSELECT `schema_migrations`.`version` FROM `schema_migrations` ORDER BY `schema_migrations`.`version` ASC /*application='SourceApi'*/[0m
  [1m[36mActiveRecord::InternalMetadata Load (0.3ms)[0m  [1m[34mSELECT * FROM `ar_internal_metadata` WHERE `ar_internal_metadata`.`key` = 'environment' ORDER BY `ar_internal_metadata`.`key` ASC LIMIT 1 /*application='SourceApi'*/[0m
  [1m[36mActiveRecord::SchemaMigration Load (0.2ms)[0m  [1m[34mSELECT `schema_migrations`.`version` FROM `schema_migrations` ORDER BY `schema_migrations`.`version` ASC /*application='SourceApi'*/[0m
  [1m[36mActiveRecord::InternalMetadata Load (0.2ms)[0m  [1m[34mSELECT * FROM `ar_internal_metadata` WHERE `ar_internal_metadata`.`key` = 'environment' ORDER BY `ar_internal_metadata`.`key` ASC LIMIT 1 /*application='SourceApi'*/[0m
  [1m[36mActiveRecord::SchemaMigration Load (0.3ms)[0m  [1m[34mSELECT `schema_migrations`.`version` FROM `schema_migrations` ORDER BY `schema_migrations`.`version` ASC /*application='SourceApi'*/[0m
  [1m[36mActiveRecord::InternalMetadata Load (0.3ms)[0m  [1m[34mSELECT * FROM `ar_internal_metadata` WHERE `ar_internal_metadata`.`key` = 'environment' ORDER BY `ar_internal_metadata`.`key` ASC LIMIT 1 /*application='SourceApi'*/[0m
  [1m[35m (19.3ms)[0m  [1m[35mDROP DATABASE IF EXISTS `source_api_test` /*application='SourceApi'*/[0m
  [1m[35m (1.3ms)[0m  [1m[35mCREATE DATABASE `source_api_test` DEFAULT CHARACTER SET `utf8mb4` /*application='SourceApi'*/[0m
  [1m[35m (1.2ms)[0m  [1m[35mDROP TABLE IF EXISTS `orders` CASCADE /*application='SourceApi'*/[0m
  [1m[35m (7.4ms)[0m  [1m[35mCREATE TABLE `orders` (`id` varchar(36) NOT NULL PRIMARY KEY, `amount` decimal(12,2) NOT NULL, `created_at` datetime(6) NOT NULL, `customer_id` varchar(36) NOT NULL, `status` varchar(32) NOT NULL, `updated_at` datetime(6) NOT NULL) DEFAULT CHARSET=utf8mb4 COLLATE=utf8mb4_0900_ai_ci /*application='SourceApi'*/[0m
  [1m[35m (0.8ms)[0m  [1m[35mDROP TABLE IF EXISTS `outbox` CASCADE /*application='SourceApi'*/[0m
  [1m[35m (11.3ms)[0m  [1m[35mCREATE TABLE `outbox` (`id` bigint unsigned NOT NULL AUTO_INCREMENT PRIMARY KEY, `aggregate_id` varchar(36) NOT NULL, `created_at` datetime(6) DEFAULT CURRENT_TIMESTAMP(6) NOT NULL, `event_id` varchar(36) NOT NULL, `event_type` varchar(64) NOT NULL, `payload` json NOT NULL, `published` boolean DEFAULT FALSE NOT NULL, UNIQUE INDEX `uk_outbox_event_id` (`event_id`), INDEX `idx_outbox_published` (`published`, `id`)) DEFAULT CHARSET=utf8mb4 COLLATE=utf8mb4_0900_ai_ci /*application='SourceApi'*/[0m
  [1m[35m (6.4ms)[0m  [1m[35mCREATE TABLE `schema_migrations` (`version` varchar(255) NOT NULL PRIMARY KEY) /*application='SourceApi'*/[0m
  [1m[36mActiveRecord::SchemaMigration Load (0.4ms)[0m  [1m[34mSELECT `schema_migrations`.`version` FROM `schema_migrations` ORDER BY `schema_migrations`.`version` ASC /*application='SourceApi'*/[0m
  [1m[35m (0.9ms)[0m  [1m[32mINSERT INTO `schema_migrations` (version) VALUES (20260712000001) /*application='SourceApi'*/[0m
  [1m[35m (7.8ms)[0m  [1m[35mCREATE TABLE `ar_internal_metadata` (`key` varchar(255) NOT NULL PRIMARY KEY, `value` varchar(255), `created_at` datetime(6) NOT NULL, `updated_at` datetime(6) NOT NULL) /*application='SourceApi'*/[0m
  [1m[36mActiveRecord::InternalMetadata Load (0.4ms)[0m  [1m[34mSELECT * FROM `ar_internal_metadata` WHERE `ar_internal_metadata`.`key` = 'environment' ORDER BY `ar_internal_metadata`.`key` ASC LIMIT 1 /*application='SourceApi'*/[0m
  [1m[36mActiveRecord::InternalMetadata Create (2.2ms)[0m  [1m[32mINSERT INTO `ar_internal_metadata` (`key`, `value`, `created_at`, `updated_at`) VALUES ('environment', 'development', '2026-07-12 10:10:41.795997', '2026-07-12 10:10:41.795998') /*application='SourceApi'*/[0m
  [1m[36mActiveRecord::InternalMetadata Load (0.2ms)[0m  [1m[34mSELECT * FROM `ar_internal_metadata` WHERE `ar_internal_metadata`.`key` = 'environment' ORDER BY `ar_internal_metadata`.`key` ASC LIMIT 1 /*application='SourceApi'*/[0m
  [1m[36mActiveRecord::InternalMetadata Update (1.0ms)[0m  [1m[33mUPDATE `ar_internal_metadata` SET `ar_internal_metadata`.`value` = 'test', `ar_internal_metadata`.`updated_at` = '2026-07-12 10:10:41.799820' WHERE `ar_internal_metadata`.`key` = 'environment' /*application='SourceApi'*/[0m
  [1m[36mActiveRecord::InternalMetadata Load (0.2ms)[0m  [1m[34mSELECT * FROM `ar_internal_metadata` WHERE `ar_internal_metadata`.`key` = 'schema_sha1' ORDER BY `ar_internal_metadata`.`key` ASC LIMIT 1 /*application='SourceApi'*/[0m
  [1m[36mActiveRecord::InternalMetadata Create (1.0ms)[0m  [1m[32mINSERT INTO `ar_internal_metadata` (`key`, `value`, `created_at`, `updated_at`) VALUES ('schema_sha1', '1d88b97346ccbe3056e67a2e0984ad9099f9ca26', '2026-07-12 10:10:41.801658', '2026-07-12 10:10:41.801658') /*application='SourceApi'*/[0m
  [1m[36mActiveRecord::SchemaMigration Load (0.6ms)[0m  [1m[34mSELECT `schema_migrations`.`version` FROM `schema_migrations` ORDER BY `schema_migrations`.`version` ASC /*application='SourceApi'*/[0m
  [1m[36mActiveRecord::InternalMetadata Load (0.6ms)[0m  [1m[34mSELECT * FROM `ar_internal_metadata` WHERE `ar_internal_metadata`.`key` = 'environment' ORDER BY `ar_internal_metadata`.`key` ASC LIMIT 1 /*application='SourceApi'*/[0m
  [1m[36mActiveRecord::SchemaMigration Load (0.5ms)[0m  [1m[34mSELECT `schema_migrations`.`version` FROM `schema_migrations` ORDER BY `schema_migrations`.`version` ASC /*application='SourceApi'*/[0m
  [1m[36mActiveRecord::InternalMetadata Load (0.6ms)[0m  [1m[34mSELECT * FROM `ar_internal_metadata` WHERE `ar_internal_metadata`.`key` = 'environment' ORDER BY `ar_internal_metadata`.`key` ASC LIMIT 1 /*application='SourceApi'*/[0m
  [1m[36mActiveRecord::SchemaMigration Load (0.5ms)[0m  [1m[34mSELECT `schema_migrations`.`version` FROM `schema_migrations` ORDER BY `schema_migrations`.`version` ASC /*application='SourceApi'*/[0m
  [1m[36mActiveRecord::InternalMetadata Load (0.5ms)[0m  [1m[34mSELECT * FROM `ar_internal_metadata` WHERE `ar_internal_metadata`.`key` = 'environment' ORDER BY `ar_internal_metadata`.`key` ASC LIMIT 1 /*application='SourceApi'*/[0m
  [1m[35m (29.5ms)[0m  [1m[35mDROP DATABASE IF EXISTS `source_api_test` /*application='SourceApi'*/[0m
  [1m[35m (1.6ms)[0m  [1m[35mCREATE DATABASE `source_api_test` DEFAULT CHARACTER SET `utf8mb4` /*application='SourceApi'*/[0m
  [1m[35m (0.9ms)[0m  [1m[35mDROP TABLE IF EXISTS `orders` CASCADE /*application='SourceApi'*/[0m
  [1m[35m (8.6ms)[0m  [1m[35mCREATE TABLE `orders` (`id` varchar(36) NOT NULL PRIMARY KEY, `amount` decimal(12,2) NOT NULL, `created_at` datetime(6) NOT NULL, `customer_id` varchar(36) NOT NULL, `status` varchar(32) NOT NULL, `updated_at` datetime(6) NOT NULL) DEFAULT CHARSET=utf8mb4 COLLATE=utf8mb4_0900_ai_ci /*application='SourceApi'*/[0m
  [1m[35m (0.6ms)[0m  [1m[35mDROP TABLE IF EXISTS `outbox` CASCADE /*application='SourceApi'*/[0m
  [1m[35m (11.0ms)[0m  [1m[35mCREATE TABLE `outbox` (`id` bigint unsigned NOT NULL AUTO_INCREMENT PRIMARY KEY, `aggregate_id` varchar(36) NOT NULL, `created_at` datetime(6) DEFAULT CURRENT_TIMESTAMP(6) NOT NULL, `event_id` varchar(36) NOT NULL, `event_type` varchar(64) NOT NULL, `payload` json NOT NULL, `published` boolean DEFAULT FALSE NOT NULL, UNIQUE INDEX `uk_outbox_event_id` (`event_id`), INDEX `idx_outbox_published` (`published`, `id`)) DEFAULT CHARSET=utf8mb4 COLLATE=utf8mb4_0900_ai_ci /*application='SourceApi'*/[0m
  [1m[35m (9.0ms)[0m  [1m[35mCREATE TABLE `schema_migrations` (`version` varchar(255) NOT NULL PRIMARY KEY) /*application='SourceApi'*/[0m
  [1m[36mActiveRecord::SchemaMigration Load (0.5ms)[0m  [1m[34mSELECT `schema_migrations`.`version` FROM `schema_migrations` ORDER BY `schema_migrations`.`version` ASC /*application='SourceApi'*/[0m
  [1m[35m (2.3ms)[0m  [1m[32mINSERT INTO `schema_migrations` (version) VALUES (20260712000001) /*application='SourceApi'*/[0m
  [1m[35m (7.6ms)[0m  [1m[35mCREATE TABLE `ar_internal_metadata` (`key` varchar(255) NOT NULL PRIMARY KEY, `value` varchar(255), `created_at` datetime(6) NOT NULL, `updated_at` datetime(6) NOT NULL) /*application='SourceApi'*/[0m
  [1m[36mActiveRecord::InternalMetadata Load (0.5ms)[0m  [1m[34mSELECT * FROM `ar_internal_metadata` WHERE `ar_internal_metadata`.`key` = 'environment' ORDER BY `ar_internal_metadata`.`key` ASC LIMIT 1 /*application='SourceApi'*/[0m
  [1m[36mActiveRecord::InternalMetadata Create (1.1ms)[0m  [1m[32mINSERT INTO `ar_internal_metadata` (`key`, `value`, `created_at`, `updated_at`) VALUES ('environment', 'development', '2026-07-12 10:11:16.572053', '2026-07-12 10:11:16.572055') /*application='SourceApi'*/[0m
  [1m[36mActiveRecord::InternalMetadata Load (0.3ms)[0m  [1m[34mSELECT * FROM `ar_internal_metadata` WHERE `ar_internal_metadata`.`key` = 'environment' ORDER BY `ar_internal_metadata`.`key` ASC LIMIT 1 /*application='SourceApi'*/[0m
  [1m[36mActiveRecord::InternalMetadata Update (1.3ms)[0m  [1m[33mUPDATE `ar_internal_metadata` SET `ar_internal_metadata`.`value` = 'test', `ar_internal_metadata`.`updated_at` = '2026-07-12 10:11:16.575065' WHERE `ar_internal_metadata`.`key` = 'environment' /*application='SourceApi'*/[0m
  [1m[36mActiveRecord::InternalMetadata Load (0.3ms)[0m  [1m[34mSELECT * FROM `ar_internal_metadata` WHERE `ar_internal_metadata`.`key` = 'schema_sha1' ORDER BY `ar_internal_metadata`.`key` ASC LIMIT 1 /*application='SourceApi'*/[0m
  [1m[36mActiveRecord::InternalMetadata Create (1.3ms)[0m  [1m[32mINSERT INTO `ar_internal_metadata` (`key`, `value`, `created_at`, `updated_at`) VALUES ('schema_sha1', '1d88b97346ccbe3056e67a2e0984ad9099f9ca26', '2026-07-12 10:11:16.577384', '2026-07-12 10:11:16.577384') /*application='SourceApi'*/[0m
  [1m[36mActiveRecord::SchemaMigration Load (0.8ms)[0m  [1m[34mSELECT `schema_migrations`.`version` FROM `schema_migrations` ORDER BY `schema_migrations`.`version` ASC /*application='SourceApi'*/[0m
  [1m[36mActiveRecord::InternalMetadata Load (0.7ms)[0m  [1m[34mSELECT * FROM `ar_internal_metadata` WHERE `ar_internal_metadata`.`key` = 'environment' ORDER BY `ar_internal_metadata`.`key` ASC LIMIT 1 /*application='SourceApi'*/[0m
  [1m[36mActiveRecord::SchemaMigration Load (0.7ms)[0m  [1m[34mSELECT `schema_migrations`.`version` FROM `schema_migrations` ORDER BY `schema_migrations`.`version` ASC /*application='SourceApi'*/[0m
  [1m[36mActiveRecord::InternalMetadata Load (0.6ms)[0m  [1m[34mSELECT * FROM `ar_internal_metadata` WHERE `ar_internal_metadata`.`key` = 'environment' ORDER BY `ar_internal_metadata`.`key` ASC LIMIT 1 /*application='SourceApi'*/[0m
  [1m[36mActiveRecord::SchemaMigration Load (0.6ms)[0m  [1m[34mSELECT `schema_migrations`.`version` FROM `schema_migrations` ORDER BY `schema_migrations`.`version` ASC /*application='SourceApi'*/[0m
  [1m[36mActiveRecord::InternalMetadata Load (0.5ms)[0m  [1m[34mSELECT * FROM `ar_internal_metadata` WHERE `ar_internal_metadata`.`key` = 'environment' ORDER BY `ar_internal_metadata`.`key` ASC LIMIT 1 /*application='SourceApi'*/[0m
  [1m[35m (25.7ms)[0m  [1m[35mDROP DATABASE IF EXISTS `source_api_test` /*application='SourceApi'*/[0m
  [1m[35m (1.5ms)[0m  [1m[35mCREATE DATABASE `source_api_test` DEFAULT CHARACTER SET `utf8mb4` /*application='SourceApi'*/[0m
  [1m[35m (1.1ms)[0m  [1m[35mDROP TABLE IF EXISTS `orders` CASCADE /*application='SourceApi'*/[0m
  [1m[35m (7.7ms)[0m  [1m[35mCREATE TABLE `orders` (`id` varchar(36) NOT NULL PRIMARY KEY, `amount` decimal(12,2) NOT NULL, `created_at` datetime(6) NOT NULL, `customer_id` varchar(36) NOT NULL, `status` varchar(32) NOT NULL, `updated_at` datetime(6) NOT NULL) DEFAULT CHARSET=utf8mb4 COLLATE=utf8mb4_0900_ai_ci /*application='SourceApi'*/[0m
  [1m[35m (0.8ms)[0m  [1m[35mDROP TABLE IF EXISTS `outbox` CASCADE /*application='SourceApi'*/[0m
  [1m[35m (8.9ms)[0m  [1m[35mCREATE TABLE `outbox` (`id` bigint unsigned NOT NULL AUTO_INCREMENT PRIMARY KEY, `aggregate_id` varchar(36) NOT NULL, `created_at` datetime(6) DEFAULT CURRENT_TIMESTAMP(6) NOT NULL, `event_id` varchar(36) NOT NULL, `event_type` varchar(64) NOT NULL, `payload` json NOT NULL, `published` boolean DEFAULT FALSE NOT NULL, UNIQUE INDEX `uk_outbox_event_id` (`event_id`), INDEX `idx_outbox_published` (`published`, `id`)) DEFAULT CHARSET=utf8mb4 COLLATE=utf8mb4_0900_ai_ci /*application='SourceApi'*/[0m
  [1m[35m (6.9ms)[0m  [1m[35mCREATE TABLE `schema_migrations` (`version` varchar(255) NOT NULL PRIMARY KEY) /*application='SourceApi'*/[0m
  [1m[36mActiveRecord::SchemaMigration Load (0.4ms)[0m  [1m[34mSELECT `schema_migrations`.`version` FROM `schema_migrations` ORDER BY `schema_migrations`.`version` ASC /*application='SourceApi'*/[0m
  [1m[35m (2.5ms)[0m  [1m[32mINSERT INTO `schema_migrations` (version) VALUES (20260712000001) /*application='SourceApi'*/[0m
  [1m[35m (7.5ms)[0m  [1m[35mCREATE TABLE `ar_internal_metadata` (`key` varchar(255) NOT NULL PRIMARY KEY, `value` varchar(255), `created_at` datetime(6) NOT NULL, `updated_at` datetime(6) NOT NULL) /*application='SourceApi'*/[0m
  [1m[36mActiveRecord::InternalMetadata Load (0.5ms)[0m  [1m[34mSELECT * FROM `ar_internal_metadata` WHERE `ar_internal_metadata`.`key` = 'environment' ORDER BY `ar_internal_metadata`.`key` ASC LIMIT 1 /*application='SourceApi'*/[0m
  [1m[36mActiveRecord::InternalMetadata Create (2.4ms)[0m  [1m[32mINSERT INTO `ar_internal_metadata` (`key`, `value`, `created_at`, `updated_at`) VALUES ('environment', 'development', '2026-07-12 10:11:46.245391', '2026-07-12 10:11:46.245393') /*application='SourceApi'*/[0m
  [1m[36mActiveRecord::InternalMetadata Load (0.2ms)[0m  [1m[34mSELECT * FROM `ar_internal_metadata` WHERE `ar_internal_metadata`.`key` = 'environment' ORDER BY `ar_internal_metadata`.`key` ASC LIMIT 1 /*application='SourceApi'*/[0m
  [1m[36mActiveRecord::InternalMetadata Update (1.0ms)[0m  [1m[33mUPDATE `ar_internal_metadata` SET `ar_internal_metadata`.`value` = 'test', `ar_internal_metadata`.`updated_at` = '2026-07-12 10:11:46.249699' WHERE `ar_internal_metadata`.`key` = 'environment' /*application='SourceApi'*/[0m
  [1m[36mActiveRecord::InternalMetadata Load (0.2ms)[0m  [1m[34mSELECT * FROM `ar_internal_metadata` WHERE `ar_internal_metadata`.`key` = 'schema_sha1' ORDER BY `ar_internal_metadata`.`key` ASC LIMIT 1 /*application='SourceApi'*/[0m
  [1m[36mActiveRecord::InternalMetadata Create (1.2ms)[0m  [1m[32mINSERT INTO `ar_internal_metadata` (`key`, `value`, `created_at`, `updated_at`) VALUES ('schema_sha1', '1d88b97346ccbe3056e67a2e0984ad9099f9ca26', '2026-07-12 10:11:46.251690', '2026-07-12 10:11:46.251690') /*application='SourceApi'*/[0m
  [1m[36mActiveRecord::SchemaMigration Load (1.1ms)[0m  [1m[34mSELECT `schema_migrations`.`version` FROM `schema_migrations` ORDER BY `schema_migrations`.`version` ASC /*application='SourceApi'*/[0m
  [1m[36mActiveRecord::InternalMetadata Load (0.7ms)[0m  [1m[34mSELECT * FROM `ar_internal_metadata` WHERE `ar_internal_metadata`.`key` = 'environment' ORDER BY `ar_internal_metadata`.`key` ASC LIMIT 1 /*application='SourceApi'*/[0m
  [1m[36mActiveRecord::SchemaMigration Load (0.5ms)[0m  [1m[34mSELECT `schema_migrations`.`version` FROM `schema_migrations` ORDER BY `schema_migrations`.`version` ASC /*application='SourceApi'*/[0m
  [1m[36mActiveRecord::InternalMetadata Load (0.5ms)[0m  [1m[34mSELECT * FROM `ar_internal_metadata` WHERE `ar_internal_metadata`.`key` = 'environment' ORDER BY `ar_internal_metadata`.`key` ASC LIMIT 1 /*application='SourceApi'*/[0m
  [1m[36mActiveRecord::SchemaMigration Load (0.4ms)[0m  [1m[34mSELECT `schema_migrations`.`version` FROM `schema_migrations` ORDER BY `schema_migrations`.`version` ASC /*application='SourceApi'*/[0m
  [1m[36mActiveRecord::InternalMetadata Load (0.4ms)[0m  [1m[34mSELECT * FROM `ar_internal_metadata` WHERE `ar_internal_metadata`.`key` = 'environment' ORDER BY `ar_internal_metadata`.`key` ASC LIMIT 1 /*application='SourceApi'*/[0m
  [1m[35m (31.6ms)[0m  [1m[35mDROP DATABASE IF EXISTS `source_api_test` /*application='SourceApi'*/[0m
  [1m[35m (1.9ms)[0m  [1m[35mCREATE DATABASE `source_api_test` DEFAULT CHARACTER SET `utf8mb4` /*application='SourceApi'*/[0m
  [1m[35m (0.7ms)[0m  [1m[35mDROP TABLE IF EXISTS `orders` CASCADE /*application='SourceApi'*/[0m
  [1m[35m (11.5ms)[0m  [1m[35mCREATE TABLE `orders` (`id` varchar(36) NOT NULL PRIMARY KEY, `amount` decimal(12,2) NOT NULL, `created_at` datetime(6) NOT NULL, `customer_id` varchar(36) NOT NULL, `status` varchar(32) NOT NULL, `updated_at` datetime(6) NOT NULL) DEFAULT CHARSET=utf8mb4 COLLATE=utf8mb4_0900_ai_ci /*application='SourceApi'*/[0m
  [1m[35m (0.7ms)[0m  [1m[35mDROP TABLE IF EXISTS `outbox` CASCADE /*application='SourceApi'*/[0m
  [1m[35m (9.1ms)[0m  [1m[35mCREATE TABLE `outbox` (`id` bigint unsigned NOT NULL AUTO_INCREMENT PRIMARY KEY, `aggregate_id` varchar(36) NOT NULL, `created_at` datetime(6) DEFAULT CURRENT_TIMESTAMP(6) NOT NULL, `event_id` varchar(36) NOT NULL, `event_type` varchar(64) NOT NULL, `payload` json NOT NULL, `published` boolean DEFAULT FALSE NOT NULL, UNIQUE INDEX `uk_outbox_event_id` (`event_id`), INDEX `idx_outbox_published` (`published`, `id`)) DEFAULT CHARSET=utf8mb4 COLLATE=utf8mb4_0900_ai_ci /*application='SourceApi'*/[0m
  [1m[35m (8.5ms)[0m  [1m[35mCREATE TABLE `schema_migrations` (`version` varchar(255) NOT NULL PRIMARY KEY) /*application='SourceApi'*/[0m
  [1m[36mActiveRecord::SchemaMigration Load (0.5ms)[0m  [1m[34mSELECT `schema_migrations`.`version` FROM `schema_migrations` ORDER BY `schema_migrations`.`version` ASC /*application='SourceApi'*/[0m
  [1m[35m (0.9ms)[0m  [1m[32mINSERT INTO `schema_migrations` (version) VALUES (20260712000001) /*application='SourceApi'*/[0m
  [1m[35m (9.1ms)[0m  [1m[35mCREATE TABLE `ar_internal_metadata` (`key` varchar(255) NOT NULL PRIMARY KEY, `value` varchar(255), `created_at` datetime(6) NOT NULL, `updated_at` datetime(6) NOT NULL) /*application='SourceApi'*/[0m
  [1m[36mActiveRecord::InternalMetadata Load (0.5ms)[0m  [1m[34mSELECT * FROM `ar_internal_metadata` WHERE `ar_internal_metadata`.`key` = 'environment' ORDER BY `ar_internal_metadata`.`key` ASC LIMIT 1 /*application='SourceApi'*/[0m
  [1m[36mActiveRecord::InternalMetadata Create (1.0ms)[0m  [1m[32mINSERT INTO `ar_internal_metadata` (`key`, `value`, `created_at`, `updated_at`) VALUES ('environment', 'development', '2026-07-12 10:12:16.287040', '2026-07-12 10:12:16.287042') /*application='SourceApi'*/[0m
  [1m[36mActiveRecord::InternalMetadata Load (0.2ms)[0m  [1m[34mSELECT * FROM `ar_internal_metadata` WHERE `ar_internal_metadata`.`key` = 'environment' ORDER BY `ar_internal_metadata`.`key` ASC LIMIT 1 /*application='SourceApi'*/[0m
  [1m[36mActiveRecord::InternalMetadata Update (2.7ms)[0m  [1m[33mUPDATE `ar_internal_metadata` SET `ar_internal_metadata`.`value` = 'test', `ar_internal_metadata`.`updated_at` = '2026-07-12 10:12:16.289957' WHERE `ar_internal_metadata`.`key` = 'environment' /*application='SourceApi'*/[0m
  [1m[36mActiveRecord::InternalMetadata Load (0.2ms)[0m  [1m[34mSELECT * FROM `ar_internal_metadata` WHERE `ar_internal_metadata`.`key` = 'schema_sha1' ORDER BY `ar_internal_metadata`.`key` ASC LIMIT 1 /*application='SourceApi'*/[0m
  [1m[36mActiveRecord::InternalMetadata Create (1.1ms)[0m  [1m[32mINSERT INTO `ar_internal_metadata` (`key`, `value`, `created_at`, `updated_at`) VALUES ('schema_sha1', '1d88b97346ccbe3056e67a2e0984ad9099f9ca26', '2026-07-12 10:12:16.293447', '2026-07-12 10:12:16.293447') /*application='SourceApi'*/[0m
