[0m[1mdata.aws_iam_policy_document.dms_assume: Reading...[0m[0m
[0m[1mmodule.pipeline.data.aws_iam_policy_document.lambda_assume: Reading...[0m[0m
[0m[1maws_rds_cluster_parameter_group.source: Refreshing state... [id=cdc-stg-source-params][0m
[0m[1maws_iam_role.dms_vpc_role: Refreshing state... [id=dms-vpc-role][0m
[0m[1maws_vpc.main: Refreshing state... [id=vpc-03d88350fc9dd76fd][0m
[0m[1mmodule.pipeline.aws_kinesis_stream.cdc: Refreshing state... [id=arn:aws:kinesis:ap-northeast-1:018356302326:stream/cdc-stg-cdc-stream][0m
[0m[1mmodule.pipeline.aws_sqs_queue.fanout_dlq: Refreshing state... [id=https://sqs.ap-northeast-1.amazonaws.com/018356302326/cdc-stg-fanout-dlq][0m
[0m[1mmodule.pipeline.aws_sqs_queue.delivery_dlq: Refreshing state... [id=https://sqs.ap-northeast-1.amazonaws.com/018356302326/cdc-stg-delivery-dlq.fifo][0m
[0m[1mdata.aws_iam_policy_document.dms_assume: Read complete after 0s [id=3935035000][0m
[0m[1mmodule.pipeline.data.aws_iam_policy_document.lambda_assume: Read complete after 0s [id=2690255455][0m
[0m[1maws_iam_role.dms_kinesis: Refreshing state... [id=cdc-stg-dms-kinesis-role][0m
[0m[1mmodule.pipeline.aws_iam_role.delivery: Refreshing state... [id=cdc-stg-delivery-role][0m
[0m[1mmodule.pipeline.aws_iam_role.fanout: Refreshing state... [id=cdc-stg-fanout-role][0m
[0m[1mmodule.pipeline.aws_sqs_queue.delivery: Refreshing state... [id=https://sqs.ap-northeast-1.amazonaws.com/018356302326/cdc-stg-delivery.fifo][0m
[0m[1mdata.aws_iam_policy_document.dms_kinesis: Reading...[0m[0m
[0m[1mdata.aws_iam_policy_document.dms_kinesis: Read complete after 0s [id=3141570068][0m
[0m[1mmodule.pipeline.data.aws_iam_policy_document.delivery: Reading...[0m[0m
[0m[1mmodule.pipeline.data.aws_iam_policy_document.fanout: Reading...[0m[0m
[0m[1mmodule.pipeline.data.aws_iam_policy_document.delivery: Read complete after 0s [id=431009911][0m
[0m[1mmodule.pipeline.data.aws_iam_policy_document.fanout: Read complete after 0s [id=412058112][0m
[0m[1maws_internet_gateway.main: Refreshing state... [id=igw-0434ff1ba735b94ab][0m
[0m[1maws_subnet.private_a: Refreshing state... [id=subnet-0b30edb83b5f4f7c0][0m
[0m[1maws_subnet.private_c: Refreshing state... [id=subnet-0e6fb64c5cd113466][0m
[0m[1maws_security_group.dms: Refreshing state... [id=sg-0c75f7638794e6d28][0m
[0m[1maws_route_table.public: Refreshing state... [id=rtb-025a9ebd97e173153][0m
[0m[1maws_security_group.aurora: Refreshing state... [id=sg-074e82f1817c592aa][0m
[0m[1maws_db_subnet_group.main: Refreshing state... [id=cdc-stg-db-subnet][0m
[0m[1maws_route_table_association.c: Refreshing state... [id=rtbassoc-026d3b39145f38d13][0m
[0m[1maws_route_table_association.a: Refreshing state... [id=rtbassoc-03ae21557fc76f804][0m
[0m[1maws_rds_cluster.source: Refreshing state... [id=cdc-stg-source][0m
[0m[1maws_rds_cluster.target: Refreshing state... [id=cdc-stg-target][0m
[0m[1maws_rds_cluster_instance.source: Refreshing state... [id=cdc-stg-source-1][0m
[0m[1maws_dms_endpoint.source: Refreshing state... [id=cdc-stg-source-aurora][0m
[0m[1maws_rds_cluster_instance.target: Refreshing state... [id=cdc-stg-target-1][0m
[0m[1maws_iam_role_policy_attachment.dms_vpc_role: Refreshing state... [id=dms-vpc-role/arn:aws:iam::aws:policy/service-role/AmazonDMSVPCManagementRole][0m
[0m[1mmodule.pipeline.aws_iam_role_policy.fanout: Refreshing state... [id=cdc-stg-fanout-role:cdc-stg-fanout-policy][0m
[0m[1mmodule.pipeline.aws_lambda_function.fanout: Refreshing state... [id=cdc-stg-fanout][0m
[0m[1maws_iam_role_policy.dms_kinesis: Refreshing state... [id=cdc-stg-dms-kinesis-role:cdc-stg-dms-kinesis-policy][0m
[0m[1mmodule.pipeline.aws_iam_role_policy.delivery: Refreshing state... [id=cdc-stg-delivery-role:cdc-stg-delivery-policy][0m
[0m[1maws_dms_endpoint.kinesis_target: Refreshing state... [id=cdc-stg-target-kinesis][0m
[0m[1mmodule.pipeline.aws_lambda_function.delivery: Refreshing state... [id=cdc-stg-delivery][0m
[0m[1maws_dms_replication_subnet_group.main: Refreshing state... [id=cdc-stg-dms-subnet][0m
[0m[1mmodule.pipeline.aws_lambda_event_source_mapping.sqs_to_delivery: Refreshing state... [id=575bf92a-f200-4dee-ac65-af94bfe8cf73][0m
[0m[1mmodule.pipeline.aws_lambda_event_source_mapping.kinesis_to_fanout: Refreshing state... [id=63827540-a18b-4eec-b823-ded152ef8536][0m

Terraform used the selected providers to generate the following execution
plan. Resource actions are indicated with the following symbols:
  [32m+[0m create[0m

Terraform will perform the following actions:

[1m  # aws_dms_replication_instance.main[0m will be created
[0m  [32m+[0m[0m resource "aws_dms_replication_instance" "main" {
      [32m+[0m[0m allocated_storage                = 20
      [32m+[0m[0m auto_minor_version_upgrade       = (known after apply)
      [32m+[0m[0m availability_zone                = (known after apply)
      [32m+[0m[0m engine_version                   = (known after apply)
      [32m+[0m[0m id                               = (known after apply)
      [32m+[0m[0m kms_key_arn                      = (known after apply)
      [32m+[0m[0m multi_az                         = false
      [32m+[0m[0m network_type                     = (known after apply)
      [32m+[0m[0m preferred_maintenance_window     = (known after apply)
      [32m+[0m[0m publicly_accessible              = true
      [32m+[0m[0m region                           = "ap-northeast-1"
      [32m+[0m[0m replication_instance_arn         = (known after apply)
      [32m+[0m[0m replication_instance_class       = "dms.t3.small"
      [32m+[0m[0m replication_instance_id          = "cdc-stg-dms"
      [32m+[0m[0m replication_instance_private_ips = (known after apply)
      [32m+[0m[0m replication_instance_public_ips  = (known after apply)
      [32m+[0m[0m replication_subnet_group_id      = "cdc-stg-dms-subnet"
      [32m+[0m[0m tags_all                         = (known after apply)
      [32m+[0m[0m vpc_security_group_ids           = [
          [32m+[0m[0m "sg-0c75f7638794e6d28",
        ]
    }

[1m  # aws_dms_replication_task.outbox_cdc[0m will be created
[0m  [32m+[0m[0m resource "aws_dms_replication_task" "outbox_cdc" {
      [32m+[0m[0m cdc_start_position        = (known after apply)
      [32m+[0m[0m id                        = (known after apply)
      [32m+[0m[0m migration_type            = "cdc"
      [32m+[0m[0m region                    = "ap-northeast-1"
      [32m+[0m[0m replication_instance_arn  = (known after apply)
      [32m+[0m[0m replication_task_arn      = (known after apply)
      [32m+[0m[0m replication_task_id       = "cdc-stg-outbox-cdc"
      [32m+[0m[0m replication_task_settings = jsonencode(
            {
              [32m+[0m[0m Logging        = {
                  [32m+[0m[0m EnableLogging = true
                }
              [32m+[0m[0m TargetMetadata = {
                  [32m+[0m[0m TargetSchema = ""
                }
            }
        )
      [32m+[0m[0m source_endpoint_arn       = "arn:aws:dms:ap-northeast-1:018356302326:endpoint:IKBIJRJYXVDPBG6IC7364QDJ3A"
      [32m+[0m[0m start_replication_task    = false
      [32m+[0m[0m status                    = (known after apply)
      [32m+[0m[0m table_mappings            = jsonencode(
            {
              [32m+[0m[0m rules = [
                  [32m+[0m[0m {
                      [32m+[0m[0m object-locator = {
                          [32m+[0m[0m schema-name = "source_orders"
                          [32m+[0m[0m table-name  = "outbox"
                        }
                      [32m+[0m[0m rule-action    = "include"
                      [32m+[0m[0m rule-id        = "1"
                      [32m+[0m[0m rule-name      = "select-outbox"
                      [32m+[0m[0m rule-type      = "selection"
                    },
                ]
            }
        )
      [32m+[0m[0m tags_all                  = (known after apply)
      [32m+[0m[0m target_endpoint_arn       = "arn:aws:dms:ap-northeast-1:018356302326:endpoint:PSZX4W5XNFB75E2F5DKSEVL5LA"
    }

[1mPlan:[0m [0m2 to add, 0 to change, 0 to destroy.

Changes to Outputs:
  [32m+[0m[0m dms_task_arn            = (known after apply)
[0m[1maws_dms_replication_instance.main: Creating...[0m[0m
[0m[1maws_dms_replication_instance.main: Still creating... [00m10s elapsed][0m[0m
[0m[1maws_dms_replication_instance.main: Still creating... [00m20s elapsed][0m[0m
[0m[1maws_dms_replication_instance.main: Still creating... [00m30s elapsed][0m[0m
[0m[1maws_dms_replication_instance.main: Still creating... [00m40s elapsed][0m[0m
[0m[1maws_dms_replication_instance.main: Still creating... [00m50s elapsed][0m[0m
[0m[1maws_dms_replication_instance.main: Still creating... [01m00s elapsed][0m[0m
[0m[1maws_dms_replication_instance.main: Still creating... [01m10s elapsed][0m[0m
[0m[1maws_dms_replication_instance.main: Still creating... [01m20s elapsed][0m[0m
[0m[1maws_dms_replication_instance.main: Still creating... [01m30s elapsed][0m[0m
[0m[1maws_dms_replication_instance.main: Still creating... [01m40s elapsed][0m[0m
[0m[1maws_dms_replication_instance.main: Still creating... [01m50s elapsed][0m[0m
[0m[1maws_dms_replication_instance.main: Still creating... [02m00s elapsed][0m[0m
[0m[1maws_dms_replication_instance.main: Still creating... [02m10s elapsed][0m[0m
[0m[1maws_dms_replication_instance.main: Still creating... [02m20s elapsed][0m[0m
[0m[1maws_dms_replication_instance.main: Still creating... [02m30s elapsed][0m[0m
[0m[1maws_dms_replication_instance.main: Still creating... [02m40s elapsed][0m[0m
[0m[1maws_dms_replication_instance.main: Still creating... [02m50s elapsed][0m[0m
[0m[1maws_dms_replication_instance.main: Still creating... [03m00s elapsed][0m[0m
[0m[1maws_dms_replication_instance.main: Still creating... [03m10s elapsed][0m[0m
[0m[1maws_dms_replication_instance.main: Still creating... [03m20s elapsed][0m[0m
[0m[1maws_dms_replication_instance.main: Still creating... [03m30s elapsed][0m[0m
[0m[1maws_dms_replication_instance.main: Still creating... [03m40s elapsed][0m[0m
[0m[1maws_dms_replication_instance.main: Still creating... [03m50s elapsed][0m[0m
[0m[1maws_dms_replication_instance.main: Still creating... [04m00s elapsed][0m[0m
[0m[1maws_dms_replication_instance.main: Still creating... [04m10s elapsed][0m[0m
[0m[1maws_dms_replication_instance.main: Still creating... [04m20s elapsed][0m[0m
[0m[1maws_dms_replication_instance.main: Still creating... [04m30s elapsed][0m[0m
[0m[1maws_dms_replication_instance.main: Still creating... [04m40s elapsed][0m[0m
[0m[1maws_dms_replication_instance.main: Still creating... [04m50s elapsed][0m[0m
[0m[1maws_dms_replication_instance.main: Still creating... [05m00s elapsed][0m[0m
[0m[1maws_dms_replication_instance.main: Still creating... [05m10s elapsed][0m[0m
[0m[1maws_dms_replication_instance.main: Still creating... [05m20s elapsed][0m[0m
[0m[1maws_dms_replication_instance.main: Still creating... [05m30s elapsed][0m[0m
[0m[1maws_dms_replication_instance.main: Still creating... [05m40s elapsed][0m[0m
[0m[1maws_dms_replication_instance.main: Still creating... [05m50s elapsed][0m[0m
[0m[1maws_dms_replication_instance.main: Still creating... [06m00s elapsed][0m[0m
[0m[1maws_dms_replication_instance.main: Creation complete after 6m7s [id=cdc-stg-dms][0m
[0m[1maws_dms_replication_task.outbox_cdc: Creating...[0m[0m
[0m[1maws_dms_replication_task.outbox_cdc: Still creating... [00m10s elapsed][0m[0m
[0m[1maws_dms_replication_task.outbox_cdc: Still creating... [00m20s elapsed][0m[0m
[0m[1maws_dms_replication_task.outbox_cdc: Still creating... [00m30s elapsed][0m[0m
[0m[1maws_dms_replication_task.outbox_cdc: Still creating... [00m40s elapsed][0m[0m
[0m[1maws_dms_replication_task.outbox_cdc: Creation complete after 40s [id=cdc-stg-outbox-cdc][0m
[0m[1m[32m
Apply complete! Resources: 2 added, 0 changed, 0 destroyed.[0m
[0m[1m[32m
Outputs:

[0mdelivery_queue_url = "https://sqs.ap-northeast-1.amazonaws.com/018356302326/cdc-stg-delivery.fifo"
dms_task_arn = "arn:aws:dms:ap-northeast-1:018356302326:task:KVJWIDHEPNEQLBXNGL7KOMBH4A"
kinesis_stream_name = "cdc-stg-cdc-stream"
source_cluster_endpoint = "cdc-stg-source.cluster-cl03wlqt2c78.ap-northeast-1.rds.amazonaws.com"
target_cluster_endpoint = "cdc-stg-target.cluster-cl03wlqt2c78.ap-northeast-1.rds.amazonaws.com"
