[0m[1mdata.aws_iam_policy_document.dms_assume: Reading...[0m[0m
[0m[1mmodule.pipeline.data.aws_iam_policy_document.lambda_assume: Reading...[0m[0m
[0m[1maws_rds_cluster_parameter_group.source: Refreshing state... [id=cdc-stg-source-params][0m
[0m[1maws_vpc.main: Refreshing state... [id=vpc-03d88350fc9dd76fd][0m
[0m[1mmodule.pipeline.aws_kinesis_stream.cdc: Refreshing state... [id=arn:aws:kinesis:ap-northeast-1:018356302326:stream/cdc-stg-cdc-stream][0m
[0m[1mmodule.pipeline.aws_sqs_queue.delivery_dlq: Refreshing state... [id=https://sqs.ap-northeast-1.amazonaws.com/018356302326/cdc-stg-delivery-dlq.fifo][0m
[0m[1mmodule.pipeline.aws_sqs_queue.fanout_dlq: Refreshing state... [id=https://sqs.ap-northeast-1.amazonaws.com/018356302326/cdc-stg-fanout-dlq][0m
[0m[1mmodule.pipeline.data.aws_iam_policy_document.lambda_assume: Read complete after 0s [id=2690255455][0m
[0m[1mdata.aws_iam_policy_document.dms_assume: Read complete after 0s [id=3935035000][0m
[0m[1mmodule.pipeline.aws_iam_role.fanout: Refreshing state... [id=cdc-stg-fanout-role][0m
[0m[1maws_iam_role.dms_kinesis: Refreshing state... [id=cdc-stg-dms-kinesis-role][0m
[0m[1mmodule.pipeline.aws_iam_role.delivery: Refreshing state... [id=cdc-stg-delivery-role][0m
[0m[1mmodule.pipeline.aws_sqs_queue.delivery: Refreshing state... [id=https://sqs.ap-northeast-1.amazonaws.com/018356302326/cdc-stg-delivery.fifo][0m
[0m[1mdata.aws_iam_policy_document.dms_kinesis: Reading...[0m[0m
[0m[1mdata.aws_iam_policy_document.dms_kinesis: Read complete after 0s [id=3141570068][0m
[0m[1maws_internet_gateway.main: Refreshing state... [id=igw-0434ff1ba735b94ab][0m
[0m[1maws_subnet.private_c: Refreshing state... [id=subnet-0e6fb64c5cd113466][0m
[0m[1maws_subnet.private_a: Refreshing state... [id=subnet-0b30edb83b5f4f7c0][0m
[0m[1maws_security_group.dms: Refreshing state... [id=sg-0c75f7638794e6d28][0m
[0m[1maws_route_table.public: Refreshing state... [id=rtb-025a9ebd97e173153][0m
[0m[1maws_route_table_association.a: Refreshing state... [id=rtbassoc-03ae21557fc76f804][0m
[0m[1maws_route_table_association.c: Refreshing state... [id=rtbassoc-026d3b39145f38d13][0m
[0m[1maws_db_subnet_group.main: Refreshing state... [id=cdc-stg-db-subnet][0m
[0m[1mmodule.pipeline.aws_lambda_function.delivery: Refreshing state... [id=cdc-stg-delivery][0m
[0m[1maws_iam_role_policy.dms_kinesis: Refreshing state... [id=cdc-stg-dms-kinesis-role:cdc-stg-dms-kinesis-policy][0m
[0m[1maws_dms_endpoint.kinesis_target: Refreshing state... [id=cdc-stg-target-kinesis][0m

[1m[36mNote:[0m[1m Objects have changed outside of Terraform
[0m
Terraform detected the following changes made outside of Terraform since the
last "terraform apply" which may have affected this plan:

[1m  # module.pipeline.aws_sqs_queue.delivery[0m has changed
[0m  [33m~[0m[0m resource "aws_sqs_queue" "delivery" {
      [32m+[0m[0m arn                         = "arn:aws:sqs:ap-northeast-1:018356302326:cdc-stg-delivery.fifo"
        id                          = "https://sqs.ap-northeast-1.amazonaws.com/018356302326/cdc-stg-delivery.fifo"
        name                        = "cdc-stg-delivery.fifo"
      [32m+[0m[0m url                         = "https://sqs.ap-northeast-1.amazonaws.com/018356302326/cdc-stg-delivery.fifo"
        [90m# (9 unchanged attributes hidden)[0m[0m
    }


Unless you have made equivalent changes to your configuration, or ignored the
relevant attributes using ignore_changes, the following plan may include
actions to undo or respond to these changes.
[90m
─────────────────────────────────────────────────────────────────────────────[0m

Terraform used the selected providers to generate the following execution
plan. Resource actions are indicated with the following symbols:
  [32m+[0m create[0m
[31m-[0m/[32m+[0m destroy and then create replacement[0m
 [36m<=[0m read (data resources)[0m

Terraform planned the following actions, but then encountered a problem:

[1m  # aws_dms_replication_instance.main[0m will be created
[0m  [32m+[0m[0m resource "aws_dms_replication_instance" "main" {
      [32m+[0m[0m allocated_storage                = 20
      [32m+[0m[0m auto_minor_version_upgrade       = (known after apply)
      [32m+[0m[0m availability_zone                = (known after apply)
      [32m+[0m[0m engine_version                   = (known after apply)
      [32m+[0m[0m id                               = (known after apply)
      [32m+[0m[0m kms_key_arn                      = (known after apply)
      [32m+[0m[0m multi_az                         = false
      [32m+[0m[0m network_type                     = (known after apply)
      [32m+[0m[0m preferred_maintenance_window     = (known after apply)
      [32m+[0m[0m publicly_accessible              = true
      [32m+[0m[0m region                           = "ap-northeast-1"
      [32m+[0m[0m replication_instance_arn         = (known after apply)
      [32m+[0m[0m replication_instance_class       = "dms.t3.micro"
      [32m+[0m[0m replication_instance_id          = "cdc-stg-dms"
      [32m+[0m[0m replication_instance_private_ips = (known after apply)
      [32m+[0m[0m replication_instance_public_ips  = (known after apply)
      [32m+[0m[0m replication_subnet_group_id      = (known after apply)
      [32m+[0m[0m tags_all                         = (known after apply)
      [32m+[0m[0m vpc_security_group_ids           = [
          [32m+[0m[0m "sg-0c75f7638794e6d28",
        ]
    }

[1m  # aws_dms_replication_subnet_group.main[0m will be created
[0m  [32m+[0m[0m resource "aws_dms_replication_subnet_group" "main" {
      [32m+[0m[0m id                                   = (known after apply)
      [32m+[0m[0m region                               = "ap-northeast-1"
      [32m+[0m[0m replication_subnet_group_arn         = (known after apply)
      [32m+[0m[0m replication_subnet_group_description = "DMS subnet group"
      [32m+[0m[0m replication_subnet_group_id          = "cdc-stg-dms-subnet"
      [32m+[0m[0m subnet_ids                           = [
          [32m+[0m[0m "subnet-0b30edb83b5f4f7c0",
          [32m+[0m[0m "subnet-0e6fb64c5cd113466",
        ]
      [32m+[0m[0m tags_all                             = (known after apply)
      [32m+[0m[0m vpc_id                               = (known after apply)
    }

[1m  # module.pipeline.data.aws_iam_policy_document.delivery[0m will be read during apply
  # (config refers to values not yet known)
[0m [36m<=[0m[0m data "aws_iam_policy_document" "delivery" {
      [32m+[0m[0m id            = (known after apply)
      [32m+[0m[0m json          = (known after apply)
      [32m+[0m[0m minified_json = (known after apply)

      [32m+[0m[0m statement {
          [32m+[0m[0m actions   = [
              [32m+[0m[0m "sqs:DeleteMessage",
              [32m+[0m[0m "sqs:GetQueueAttributes",
              [32m+[0m[0m "sqs:ReceiveMessage",
            ]
          [32m+[0m[0m resources = [
              [32m+[0m[0m (known after apply),
            ]
        }
      [32m+[0m[0m statement {
          [32m+[0m[0m actions   = [
              [32m+[0m[0m "logs:CreateLogGroup",
              [32m+[0m[0m "logs:CreateLogStream",
              [32m+[0m[0m "logs:PutLogEvents",
            ]
          [32m+[0m[0m resources = [
              [32m+[0m[0m "*",
            ]
        }
    }

[1m  # module.pipeline.data.aws_iam_policy_document.fanout[0m will be read during apply
  # (config refers to values not yet known)
[0m [36m<=[0m[0m data "aws_iam_policy_document" "fanout" {
      [32m+[0m[0m id            = (known after apply)
      [32m+[0m[0m json          = (known after apply)
      [32m+[0m[0m minified_json = (known after apply)

      [32m+[0m[0m statement {
          [32m+[0m[0m actions   = [
              [32m+[0m[0m "kinesis:DescribeStream",
              [32m+[0m[0m "kinesis:DescribeStreamSummary",
              [32m+[0m[0m "kinesis:GetRecords",
              [32m+[0m[0m "kinesis:GetShardIterator",
              [32m+[0m[0m "kinesis:ListShards",
              [32m+[0m[0m "kinesis:ListStreams",
            ]
          [32m+[0m[0m resources = [
              [32m+[0m[0m "arn:aws:kinesis:ap-northeast-1:018356302326:stream/cdc-stg-cdc-stream",
            ]
        }
      [32m+[0m[0m statement {
          [32m+[0m[0m actions   = [
              [32m+[0m[0m "sqs:SendMessage",
            ]
          [32m+[0m[0m resources = [
              [32m+[0m[0m "arn:aws:sqs:ap-northeast-1:018356302326:cdc-stg-fanout-dlq",
              [32m+[0m[0m (known after apply),
            ]
        }
      [32m+[0m[0m statement {
          [32m+[0m[0m actions   = [
              [32m+[0m[0m "logs:CreateLogGroup",
              [32m+[0m[0m "logs:CreateLogStream",
              [32m+[0m[0m "logs:PutLogEvents",
            ]
          [32m+[0m[0m resources = [
              [32m+[0m[0m "*",
            ]
        }
    }

[1m  # module.pipeline.aws_iam_role_policy.delivery[0m will be created
[0m  [32m+[0m[0m resource "aws_iam_role_policy" "delivery" {
      [32m+[0m[0m id          = (known after apply)
      [32m+[0m[0m name        = "cdc-stg-delivery-policy"
      [32m+[0m[0m name_prefix = (known after apply)
      [32m+[0m[0m policy      = (known after apply)
      [32m+[0m[0m role        = "cdc-stg-delivery-role"
    }

[1m  # module.pipeline.aws_iam_role_policy.fanout[0m will be created
[0m  [32m+[0m[0m resource "aws_iam_role_policy" "fanout" {
      [32m+[0m[0m id          = (known after apply)
      [32m+[0m[0m name        = "cdc-stg-fanout-policy"
      [32m+[0m[0m name_prefix = (known after apply)
      [32m+[0m[0m policy      = (known after apply)
      [32m+[0m[0m role        = "cdc-stg-fanout-role"
    }

[1m  # module.pipeline.aws_lambda_event_source_mapping.kinesis_to_fanout[0m will be created
[0m  [32m+[0m[0m resource "aws_lambda_event_source_mapping" "kinesis_to_fanout" {
      [32m+[0m[0m arn                           = (known after apply)
      [32m+[0m[0m batch_size                    = 100
      [32m+[0m[0m enabled                       = true
      [32m+[0m[0m event_source_arn              = "arn:aws:kinesis:ap-northeast-1:018356302326:stream/cdc-stg-cdc-stream"
      [32m+[0m[0m function_arn                  = (known after apply)
      [32m+[0m[0m function_name                 = (known after apply)
      [32m+[0m[0m function_response_types       = [
          [32m+[0m[0m "ReportBatchItemFailures",
        ]
      [32m+[0m[0m id                            = (known after apply)
      [32m+[0m[0m last_modified                 = (known after apply)
      [32m+[0m[0m last_processing_result        = (known after apply)
      [32m+[0m[0m maximum_record_age_in_seconds = (known after apply)
      [32m+[0m[0m maximum_retry_attempts        = 10
      [32m+[0m[0m parallelization_factor        = (known after apply)
      [32m+[0m[0m region                        = "ap-northeast-1"
      [32m+[0m[0m starting_position             = "LATEST"
      [32m+[0m[0m state                         = (known after apply)
      [32m+[0m[0m state_transition_reason       = (known after apply)
      [32m+[0m[0m tags_all                      = (known after apply)
      [32m+[0m[0m uuid                          = (known after apply)

      [32m+[0m[0m amazon_managed_kafka_event_source_config (known after apply)

      [32m+[0m[0m destination_config {
          [32m+[0m[0m on_failure {
              [32m+[0m[0m destination_arn = "arn:aws:sqs:ap-northeast-1:018356302326:cdc-stg-fanout-dlq"
            }
        }

      [32m+[0m[0m self_managed_kafka_event_source_config (known after apply)
    }

[1m  # module.pipeline.aws_lambda_event_source_mapping.sqs_to_delivery[0m will be created
[0m  [32m+[0m[0m resource "aws_lambda_event_source_mapping" "sqs_to_delivery" {
      [32m+[0m[0m arn                           = (known after apply)
      [32m+[0m[0m batch_size                    = 10
      [32m+[0m[0m enabled                       = true
      [32m+[0m[0m event_source_arn              = (known after apply)
      [32m+[0m[0m function_arn                  = (known after apply)
      [32m+[0m[0m function_name                 = "arn:aws:lambda:ap-northeast-1:018356302326:function:cdc-stg-delivery"
      [32m+[0m[0m function_response_types       = [
          [32m+[0m[0m "ReportBatchItemFailures",
        ]
      [32m+[0m[0m id                            = (known after apply)
      [32m+[0m[0m last_modified                 = (known after apply)
      [32m+[0m[0m last_processing_result        = (known after apply)
      [32m+[0m[0m maximum_record_age_in_seconds = (known after apply)
      [32m+[0m[0m maximum_retry_attempts        = (known after apply)
      [32m+[0m[0m parallelization_factor        = (known after apply)
      [32m+[0m[0m region                        = "ap-northeast-1"
      [32m+[0m[0m state                         = (known after apply)
      [32m+[0m[0m state_transition_reason       = (known after apply)
      [32m+[0m[0m tags_all                      = (known after apply)
      [32m+[0m[0m uuid                          = (known after apply)

      [32m+[0m[0m amazon_managed_kafka_event_source_config (known after apply)

      [32m+[0m[0m self_managed_kafka_event_source_config (known after apply)
    }

[1m  # module.pipeline.aws_lambda_function.fanout[0m will be created
[0m  [32m+[0m[0m resource "aws_lambda_function" "fanout" {
      [32m+[0m[0m architectures                  = [
          [32m+[0m[0m "arm64",
        ]
      [32m+[0m[0m arn                            = (known after apply)
      [32m+[0m[0m code_sha256                    = (known after apply)
      [32m+[0m[0m filename                       = "./../../../dist/fanout.zip"
      [32m+[0m[0m function_name                  = "cdc-stg-fanout"
      [32m+[0m[0m handler                        = "bootstrap"
      [32m+[0m[0m id                             = (known after apply)
      [32m+[0m[0m invoke_arn                     = (known after apply)
      [32m+[0m[0m last_modified                  = (known after apply)
      [32m+[0m[0m memory_size                    = 128
      [32m+[0m[0m package_type                   = "Zip"
      [32m+[0m[0m publish                        = false
      [32m+[0m[0m qualified_arn                  = (known after apply)
      [32m+[0m[0m qualified_invoke_arn           = (known after apply)
      [32m+[0m[0m region                         = "ap-northeast-1"
      [32m+[0m[0m reserved_concurrent_executions = -1
      [32m+[0m[0m response_streaming_invoke_arn  = (known after apply)
      [32m+[0m[0m role                           = "arn:aws:iam::018356302326:role/cdc-stg-fanout-role"
      [32m+[0m[0m runtime                        = "provided.al2023"
      [32m+[0m[0m signing_job_arn                = (known after apply)
      [32m+[0m[0m signing_profile_version_arn    = (known after apply)
      [32m+[0m[0m skip_destroy                   = false
      [32m+[0m[0m source_code_hash               = "33h3t7fuK+Gax43Smaemwxh2tcAgKr7Bd3m1kpRp/aY="
      [32m+[0m[0m source_code_size               = (known after apply)
      [32m+[0m[0m tags_all                       = (known after apply)
      [32m+[0m[0m timeout                        = 30
      [32m+[0m[0m version                        = (known after apply)

      [32m+[0m[0m environment {
          [32m+[0m[0m variables = (known after apply)
        }

      [32m+[0m[0m ephemeral_storage (known after apply)

      [32m+[0m[0m logging_config (known after apply)

      [32m+[0m[0m tracing_config (known after apply)
    }

[1m  # module.pipeline.aws_sqs_queue.delivery[0m is tainted, so must be [1m[31mreplaced[0m
[0m[31m-[0m/[32m+[0m[0m resource "aws_sqs_queue" "delivery" {
      [33m~[0m[0m arn                               = "arn:aws:sqs:ap-northeast-1:018356302326:cdc-stg-delivery.fifo" -> (known after apply)
      [33m~[0m[0m deduplication_scope               = "queue" -> (known after apply)
      [33m~[0m[0m fifo_throughput_limit             = "perQueue" -> (known after apply)
      [33m~[0m[0m id                                = "https://sqs.ap-northeast-1.amazonaws.com/018356302326/cdc-stg-delivery.fifo" -> (known after apply)
      [33m~[0m[0m kms_data_key_reuse_period_seconds = 300 -> (known after apply)
        name                              = "cdc-stg-delivery.fifo"
      [32m+[0m[0m name_prefix                       = (known after apply)
      [32m+[0m[0m policy                            = (known after apply)
      [32m+[0m[0m redrive_allow_policy              = (known after apply)
      [33m~[0m[0m sqs_managed_sse_enabled           = true -> (known after apply)
      [31m-[0m[0m tags                              = {} [90m-> null[0m[0m
      [33m~[0m[0m tags_all                          = {} -> (known after apply)
      [33m~[0m[0m url                               = "https://sqs.ap-northeast-1.amazonaws.com/018356302326/cdc-stg-delivery.fifo" -> (known after apply)
        [90m# (10 unchanged attributes hidden)[0m[0m
    }

[1mPlan:[0m [0m8 to add, 0 to change, 1 to destroy.

Changes to Outputs:
  [32m+[0m[0m delivery_queue_url  = (known after apply)
[31m╷[0m[0m
[31m│[0m [0m[1m[31mError: [0m[0m[1m"ingress.0.description" doesn't comply with restrictions ("^[0-9A-Za-z_ .:/()#,@\\[\\]+=&;{}!$*-]*$"): "検証用: 作業端末からのMySQL接続"[0m
[31m│[0m [0m
[31m│[0m [0m[0m  with aws_security_group.aurora,
[31m│[0m [0m  on network.tf line 55, in resource "aws_security_group" "aurora":
[31m│[0m [0m  55: resource "aws_security_group" "aurora" [4m{[0m[0m
[31m│[0m [0m
[31m╵[0m[0m
[31m╷[0m[0m
[31m│[0m [0m[1m[31mError: [0m[0m[1m"ingress.1.description" doesn't comply with restrictions ("^[0-9A-Za-z_ .:/()#,@\\[\\]+=&;{}!$*-]*$"): "DMSからのMySQL接続"[0m
[31m│[0m [0m
[31m│[0m [0m[0m  with aws_security_group.aurora,
[31m│[0m [0m  on network.tf line 55, in resource "aws_security_group" "aurora":
[31m│[0m [0m  55: resource "aws_security_group" "aurora" [4m{[0m[0m
[31m│[0m [0m
[31m╵[0m[0m
