  [1m[35m (31.2ms)[0m  [1m[35mCREATE DATABASE `target_orders` DEFAULT CHARACTER SET `utf8mb4` /*application='TargetApi'*/[0m
  [1m[35m (24.4ms)[0m  [1m[35mCREATE DATABASE `target_api_test` DEFAULT CHARACTER SET `utf8mb4` /*application='TargetApi'*/[0m
  [1m[35m (16.7ms)[0m  [1m[35mCREATE TABLE `schema_migrations` (`version` varchar(255) NOT NULL PRIMARY KEY) /*application='TargetApi'*/[0m
  [1m[35m (12.5ms)[0m  [1m[35mCREATE TABLE `ar_internal_metadata` (`key` varchar(255) NOT NULL PRIMARY KEY, `value` varchar(255), `created_at` datetime(6) NOT NULL, `updated_at` datetime(6) NOT NULL) /*application='TargetApi'*/[0m
  [1m[35m (0.4ms)[0m  [1m[34mSELECT GET_LOCK('8135521132146897510', 0) /*application='TargetApi'*/[0m
  [1m[36mActiveRecord::SchemaMigration Load (1.8ms)[0m  [1m[34mSELECT `schema_migrations`.`version` FROM `schema_migrations` ORDER BY `schema_migrations`.`version` ASC /*application='TargetApi'*/[0m
  [1m[36mActiveRecord::InternalMetadata Load (0.9ms)[0m  [1m[34mSELECT * FROM `ar_internal_metadata` WHERE `ar_internal_metadata`.`key` = 'environment' ORDER BY `ar_internal_metadata`.`key` ASC LIMIT 1 /*application='TargetApi'*/[0m
  [1m[36mActiveRecord::InternalMetadata Create (2.2ms)[0m  [1m[32mINSERT INTO `ar_internal_metadata` (`key`, `value`, `created_at`, `updated_at`) VALUES ('environment', 'development', '2026-07-12 10:05:08.032789', '2026-07-12 10:05:08.032793') /*application='TargetApi'*/[0m
Migrating to CreateTargetSchema (20260712000001)
  [1m[35m (15.9ms)[0m  [1m[35mCREATE TABLE `orders_replica` (`id` varchar(36) NOT NULL PRIMARY KEY, `customer_id` varchar(36) NOT NULL, `amount` decimal(12,2) NOT NULL, `status` varchar(32) NOT NULL, `source_event_id` varchar(36) NOT NULL, `source_seq` bigint unsigned NOT NULL, `replicated_at` datetime(6) DEFAULT CURRENT_TIMESTAMP(6) NOT NULL) /*application='TargetApi'*/[0m
  [1m[35m (10.6ms)[0m  [1m[35mCREATE TABLE `processed_events` (`event_id` varchar(36) NOT NULL PRIMARY KEY, `processed_at` datetime(6) DEFAULT CURRENT_TIMESTAMP(6) NOT NULL) /*application='TargetApi'*/[0m
  [1m[36mActiveRecord::SchemaMigration Create (2.0ms)[0m  [1m[32mINSERT INTO `schema_migrations` (`version`) VALUES ('20260712000001') /*application='TargetApi'*/[0m
  [1m[35m (0.4ms)[0m  [1m[34mSELECT RELEASE_LOCK('8135521132146897510') /*application='TargetApi'*/[0m
  [1m[36mActiveRecord::SchemaMigration Load (0.3ms)[0m  [1m[34mSELECT `schema_migrations`.`version` FROM `schema_migrations` ORDER BY `schema_migrations`.`version` ASC /*application='TargetApi'*/[0m
  [1m[36mActiveRecord::SchemaMigration Load (0.9ms)[0m  [1m[34mSELECT `schema_migrations`.`version` FROM `schema_migrations` ORDER BY `schema_migrations`.`version` ASC /*application='TargetApi'*/[0m
  [1m[36mActiveRecord::InternalMetadata Load (1.2ms)[0m  [1m[34mSELECT * FROM `ar_internal_metadata` WHERE `ar_internal_metadata`.`key` = 'environment' ORDER BY `ar_internal_metadata`.`key` ASC LIMIT 1 /*application='TargetApi'*/[0m
  [1m[36mActiveRecord::SchemaMigration Load (0.6ms)[0m  [1m[34mSELECT `schema_migrations`.`version` FROM `schema_migrations` ORDER BY `schema_migrations`.`version` ASC /*application='TargetApi'*/[0m
  [1m[36mActiveRecord::InternalMetadata Load (0.7ms)[0m  [1m[34mSELECT * FROM `ar_internal_metadata` WHERE `ar_internal_metadata`.`key` = 'environment' ORDER BY `ar_internal_metadata`.`key` ASC LIMIT 1 /*application='TargetApi'*/[0m
  [1m[36mActiveRecord::SchemaMigration Load (0.5ms)[0m  [1m[34mSELECT `schema_migrations`.`version` FROM `schema_migrations` ORDER BY `schema_migrations`.`version` ASC /*application='TargetApi'*/[0m
  [1m[36mActiveRecord::InternalMetadata Load (0.6ms)[0m  [1m[34mSELECT * FROM `ar_internal_metadata` WHERE `ar_internal_metadata`.`key` = 'environment' ORDER BY `ar_internal_metadata`.`key` ASC LIMIT 1 /*application='TargetApi'*/[0m
  [1m[35m (26.8ms)[0m  [1m[35mDROP DATABASE IF EXISTS `target_api_test` /*application='TargetApi'*/[0m
  [1m[35m (2.9ms)[0m  [1m[35mCREATE DATABASE `target_api_test` DEFAULT CHARACTER SET `utf8mb4` /*application='TargetApi'*/[0m
  [1m[35m (2.6ms)[0m  [1m[35mDROP TABLE IF EXISTS `orders_replica` CASCADE /*application='TargetApi'*/[0m
  [1m[35m (17.5ms)[0m  [1m[35mCREATE TABLE `orders_replica` (`id` varchar(36) NOT NULL PRIMARY KEY, `amount` decimal(12,2) NOT NULL, `customer_id` varchar(36) NOT NULL, `replicated_at` datetime(6) DEFAULT CURRENT_TIMESTAMP(6) NOT NULL, `source_event_id` varchar(36) NOT NULL, `source_seq` bigint unsigned NOT NULL, `status` varchar(32) NOT NULL) DEFAULT CHARSET=utf8mb4 COLLATE=utf8mb4_0900_ai_ci /*application='TargetApi'*/[0m
  [1m[35m (1.7ms)[0m  [1m[35mDROP TABLE IF EXISTS `processed_events` CASCADE /*application='TargetApi'*/[0m
  [1m[35m (10.6ms)[0m  [1m[35mCREATE TABLE `processed_events` (`event_id` varchar(36) NOT NULL PRIMARY KEY, `processed_at` datetime(6) DEFAULT CURRENT_TIMESTAMP(6) NOT NULL) DEFAULT CHARSET=utf8mb4 COLLATE=utf8mb4_0900_ai_ci /*application='TargetApi'*/[0m
  [1m[35m (7.9ms)[0m  [1m[35mCREATE TABLE `schema_migrations` (`version` varchar(255) NOT NULL PRIMARY KEY) /*application='TargetApi'*/[0m
  [1m[36mActiveRecord::SchemaMigration Load (0.6ms)[0m  [1m[34mSELECT `schema_migrations`.`version` FROM `schema_migrations` ORDER BY `schema_migrations`.`version` ASC /*application='TargetApi'*/[0m
  [1m[35m (1.5ms)[0m  [1m[32mINSERT INTO `schema_migrations` (version) VALUES (20260712000001) /*application='TargetApi'*/[0m
  [1m[35m (8.3ms)[0m  [1m[35mCREATE TABLE `ar_internal_metadata` (`key` varchar(255) NOT NULL PRIMARY KEY, `value` varchar(255), `created_at` datetime(6) NOT NULL, `updated_at` datetime(6) NOT NULL) /*application='TargetApi'*/[0m
  [1m[36mActiveRecord::InternalMetadata Load (0.6ms)[0m  [1m[34mSELECT * FROM `ar_internal_metadata` WHERE `ar_internal_metadata`.`key` = 'environment' ORDER BY `ar_internal_metadata`.`key` ASC LIMIT 1 /*application='TargetApi'*/[0m
  [1m[36mActiveRecord::InternalMetadata Create (1.4ms)[0m  [1m[32mINSERT INTO `ar_internal_metadata` (`key`, `value`, `created_at`, `updated_at`) VALUES ('environment', 'development', '2026-07-12 10:09:28.672426', '2026-07-12 10:09:28.672431') /*application='TargetApi'*/[0m
  [1m[36mActiveRecord::InternalMetadata Load (0.3ms)[0m  [1m[34mSELECT * FROM `ar_internal_metadata` WHERE `ar_internal_metadata`.`key` = 'environment' ORDER BY `ar_internal_metadata`.`key` ASC LIMIT 1 /*application='TargetApi'*/[0m
  [1m[36mActiveRecord::InternalMetadata Update (1.3ms)[0m  [1m[33mUPDATE `ar_internal_metadata` SET `ar_internal_metadata`.`value` = 'test', `ar_internal_metadata`.`updated_at` = '2026-07-12 10:09:28.677905' WHERE `ar_internal_metadata`.`key` = 'environment' /*application='TargetApi'*/[0m
  [1m[36mActiveRecord::InternalMetadata Load (0.3ms)[0m  [1m[34mSELECT * FROM `ar_internal_metadata` WHERE `ar_internal_metadata`.`key` = 'schema_sha1' ORDER BY `ar_internal_metadata`.`key` ASC LIMIT 1 /*application='TargetApi'*/[0m
  [1m[36mActiveRecord::InternalMetadata Create (1.1ms)[0m  [1m[32mINSERT INTO `ar_internal_metadata` (`key`, `value`, `created_at`, `updated_at`) VALUES ('schema_sha1', 'b44e8e50e7c99a344956f31c5b720a0d792a3174', '2026-07-12 10:09:28.681605', '2026-07-12 10:09:28.681607') /*application='TargetApi'*/[0m
  [1m[36mActiveRecord::SchemaMigration Load (0.4ms)[0m  [1m[34mSELECT `schema_migrations`.`version` FROM `schema_migrations` ORDER BY `schema_migrations`.`version` ASC /*application='TargetApi'*/[0m
  [1m[36mActiveRecord::InternalMetadata Load (0.6ms)[0m  [1m[34mSELECT * FROM `ar_internal_metadata` WHERE `ar_internal_metadata`.`key` = 'environment' ORDER BY `ar_internal_metadata`.`key` ASC LIMIT 1 /*application='TargetApi'*/[0m
  [1m[36mActiveRecord::SchemaMigration Load (0.6ms)[0m  [1m[34mSELECT `schema_migrations`.`version` FROM `schema_migrations` ORDER BY `schema_migrations`.`version` ASC /*application='TargetApi'*/[0m
  [1m[36mActiveRecord::InternalMetadata Load (0.5ms)[0m  [1m[34mSELECT * FROM `ar_internal_metadata` WHERE `ar_internal_metadata`.`key` = 'environment' ORDER BY `ar_internal_metadata`.`key` ASC LIMIT 1 /*application='TargetApi'*/[0m
  [1m[36mActiveRecord::SchemaMigration Load (0.5ms)[0m  [1m[34mSELECT `schema_migrations`.`version` FROM `schema_migrations` ORDER BY `schema_migrations`.`version` ASC /*application='TargetApi'*/[0m
  [1m[36mActiveRecord::InternalMetadata Load (0.5ms)[0m  [1m[34mSELECT * FROM `ar_internal_metadata` WHERE `ar_internal_metadata`.`key` = 'environment' ORDER BY `ar_internal_metadata`.`key` ASC LIMIT 1 /*application='TargetApi'*/[0m
  [1m[35m (33.4ms)[0m  [1m[35mDROP DATABASE IF EXISTS `target_api_test` /*application='TargetApi'*/[0m
  [1m[35m (3.6ms)[0m  [1m[35mCREATE DATABASE `target_api_test` DEFAULT CHARACTER SET `utf8mb4` /*application='TargetApi'*/[0m
  [1m[35m (1.2ms)[0m  [1m[35mDROP TABLE IF EXISTS `orders_replica` CASCADE /*application='TargetApi'*/[0m
  [1m[35m (11.1ms)[0m  [1m[35mCREATE TABLE `orders_replica` (`id` varchar(36) NOT NULL PRIMARY KEY, `amount` decimal(12,2) NOT NULL, `customer_id` varchar(36) NOT NULL, `replicated_at` datetime(6) DEFAULT CURRENT_TIMESTAMP(6) NOT NULL, `source_event_id` varchar(36) NOT NULL, `source_seq` bigint unsigned NOT NULL, `status` varchar(32) NOT NULL) DEFAULT CHARSET=utf8mb4 COLLATE=utf8mb4_0900_ai_ci /*application='TargetApi'*/[0m
  [1m[35m (1.1ms)[0m  [1m[35mDROP TABLE IF EXISTS `processed_events` CASCADE /*application='TargetApi'*/[0m
  [1m[35m (9.2ms)[0m  [1m[35mCREATE TABLE `processed_events` (`event_id` varchar(36) NOT NULL PRIMARY KEY, `processed_at` datetime(6) DEFAULT CURRENT_TIMESTAMP(6) NOT NULL) DEFAULT CHARSET=utf8mb4 COLLATE=utf8mb4_0900_ai_ci /*application='TargetApi'*/[0m
  [1m[35m (9.6ms)[0m  [1m[35mCREATE TABLE `schema_migrations` (`version` varchar(255) NOT NULL PRIMARY KEY) /*application='TargetApi'*/[0m
  [1m[36mActiveRecord::SchemaMigration Load (0.6ms)[0m  [1m[34mSELECT `schema_migrations`.`version` FROM `schema_migrations` ORDER BY `schema_migrations`.`version` ASC /*application='TargetApi'*/[0m
  [1m[35m (1.4ms)[0m  [1m[32mINSERT INTO `schema_migrations` (version) VALUES (20260712000001) /*application='TargetApi'*/[0m
  [1m[35m (7.9ms)[0m  [1m[35mCREATE TABLE `ar_internal_metadata` (`key` varchar(255) NOT NULL PRIMARY KEY, `value` varchar(255), `created_at` datetime(6) NOT NULL, `updated_at` datetime(6) NOT NULL) /*application='TargetApi'*/[0m
  [1m[36mActiveRecord::InternalMetadata Load (0.6ms)[0m  [1m[34mSELECT * FROM `ar_internal_metadata` WHERE `ar_internal_metadata`.`key` = 'environment' ORDER BY `ar_internal_metadata`.`key` ASC LIMIT 1 /*application='TargetApi'*/[0m
  [1m[36mActiveRecord::InternalMetadata Create (0.9ms)[0m  [1m[32mINSERT INTO `ar_internal_metadata` (`key`, `value`, `created_at`, `updated_at`) VALUES ('environment', 'development', '2026-07-12 10:10:06.560816', '2026-07-12 10:10:06.560818') /*application='TargetApi'*/[0m
  [1m[36mActiveRecord::InternalMetadata Load (0.2ms)[0m  [1m[34mSELECT * FROM `ar_internal_metadata` WHERE `ar_internal_metadata`.`key` = 'environment' ORDER BY `ar_internal_metadata`.`key` ASC LIMIT 1 /*application='TargetApi'*/[0m
  [1m[36mActiveRecord::InternalMetadata Update (1.2ms)[0m  [1m[33mUPDATE `ar_internal_metadata` SET `ar_internal_metadata`.`value` = 'test', `ar_internal_metadata`.`updated_at` = '2026-07-12 10:10:06.563846' WHERE `ar_internal_metadata`.`key` = 'environment' /*application='TargetApi'*/[0m
  [1m[36mActiveRecord::InternalMetadata Load (0.3ms)[0m  [1m[34mSELECT * FROM `ar_internal_metadata` WHERE `ar_internal_metadata`.`key` = 'schema_sha1' ORDER BY `ar_internal_metadata`.`key` ASC LIMIT 1 /*application='TargetApi'*/[0m
  [1m[36mActiveRecord::InternalMetadata Create (1.0ms)[0m  [1m[32mINSERT INTO `ar_internal_metadata` (`key`, `value`, `created_at`, `updated_at`) VALUES ('schema_sha1', 'b44e8e50e7c99a344956f31c5b720a0d792a3174', '2026-07-12 10:10:06.566122', '2026-07-12 10:10:06.566123') /*application='TargetApi'*/[0m
  [1m[36mActiveRecord::SchemaMigration Load (0.5ms)[0m  [1m[34mSELECT `schema_migrations`.`version` FROM `schema_migrations` ORDER BY `schema_migrations`.`version` ASC /*application='TargetApi'*/[0m
  [1m[36mActiveRecord::InternalMetadata Load (1.6ms)[0m  [1m[34mSELECT * FROM `ar_internal_metadata` WHERE `ar_internal_metadata`.`key` = 'environment' ORDER BY `ar_internal_metadata`.`key` ASC LIMIT 1 /*application='TargetApi'*/[0m
  [1m[36mActiveRecord::SchemaMigration Load (0.7ms)[0m  [1m[34mSELECT `schema_migrations`.`version` FROM `schema_migrations` ORDER BY `schema_migrations`.`version` ASC /*application='TargetApi'*/[0m
  [1m[36mActiveRecord::InternalMetadata Load (0.7ms)[0m  [1m[34mSELECT * FROM `ar_internal_metadata` WHERE `ar_internal_metadata`.`key` = 'environment' ORDER BY `ar_internal_metadata`.`key` ASC LIMIT 1 /*application='TargetApi'*/[0m
  [1m[36mActiveRecord::SchemaMigration Load (0.5ms)[0m  [1m[34mSELECT `schema_migrations`.`version` FROM `schema_migrations` ORDER BY `schema_migrations`.`version` ASC /*application='TargetApi'*/[0m
  [1m[36mActiveRecord::InternalMetadata Load (0.6ms)[0m  [1m[34mSELECT * FROM `ar_internal_metadata` WHERE `ar_internal_metadata`.`key` = 'environment' ORDER BY `ar_internal_metadata`.`key` ASC LIMIT 1 /*application='TargetApi'*/[0m
  [1m[35m (28.4ms)[0m  [1m[35mDROP DATABASE IF EXISTS `target_api_test` /*application='TargetApi'*/[0m
  [1m[35m (2.0ms)[0m  [1m[35mCREATE DATABASE `target_api_test` DEFAULT CHARACTER SET `utf8mb4` /*application='TargetApi'*/[0m
  [1m[35m (1.0ms)[0m  [1m[35mDROP TABLE IF EXISTS `orders_replica` CASCADE /*application='TargetApi'*/[0m
  [1m[35m (9.3ms)[0m  [1m[35mCREATE TABLE `orders_replica` (`id` varchar(36) NOT NULL PRIMARY KEY, `amount` decimal(12,2) NOT NULL, `customer_id` varchar(36) NOT NULL, `replicated_at` datetime(6) DEFAULT CURRENT_TIMESTAMP(6) NOT NULL, `source_event_id` varchar(36) NOT NULL, `source_seq` bigint unsigned NOT NULL, `status` varchar(32) NOT NULL) DEFAULT CHARSET=utf8mb4 COLLATE=utf8mb4_0900_ai_ci /*application='TargetApi'*/[0m
  [1m[35m (1.2ms)[0m  [1m[35mDROP TABLE IF EXISTS `processed_events` CASCADE /*application='TargetApi'*/[0m
  [1m[35m (7.5ms)[0m  [1m[35mCREATE TABLE `processed_events` (`event_id` varchar(36) NOT NULL PRIMARY KEY, `processed_at` datetime(6) DEFAULT CURRENT_TIMESTAMP(6) NOT NULL) DEFAULT CHARSET=utf8mb4 COLLATE=utf8mb4_0900_ai_ci /*application='TargetApi'*/[0m
  [1m[35m (7.2ms)[0m  [1m[35mCREATE TABLE `schema_migrations` (`version` varchar(255) NOT NULL PRIMARY KEY) /*application='TargetApi'*/[0m
  [1m[36mActiveRecord::SchemaMigration Load (0.4ms)[0m  [1m[34mSELECT `schema_migrations`.`version` FROM `schema_migrations` ORDER BY `schema_migrations`.`version` ASC /*application='TargetApi'*/[0m
  [1m[35m (1.2ms)[0m  [1m[32mINSERT INTO `schema_migrations` (version) VALUES (20260712000001) /*application='TargetApi'*/[0m
  [1m[35m (7.7ms)[0m  [1m[35mCREATE TABLE `ar_internal_metadata` (`key` varchar(255) NOT NULL PRIMARY KEY, `value` varchar(255), `created_at` datetime(6) NOT NULL, `updated_at` datetime(6) NOT NULL) /*application='TargetApi'*/[0m
  [1m[36mActiveRecord::InternalMetadata Load (0.4ms)[0m  [1m[34mSELECT * FROM `ar_internal_metadata` WHERE `ar_internal_metadata`.`key` = 'environment' ORDER BY `ar_internal_metadata`.`key` ASC LIMIT 1 /*application='TargetApi'*/[0m
  [1m[36mActiveRecord::InternalMetadata Create (1.0ms)[0m  [1m[32mINSERT INTO `ar_internal_metadata` (`key`, `value`, `created_at`, `updated_at`) VALUES ('environment', 'development', '2026-07-12 10:10:43.853847', '2026-07-12 10:10:43.853849') /*application='TargetApi'*/[0m
  [1m[36mActiveRecord::InternalMetadata Load (0.2ms)[0m  [1m[34mSELECT * FROM `ar_internal_metadata` WHERE `ar_internal_metadata`.`key` = 'environment' ORDER BY `ar_internal_metadata`.`key` ASC LIMIT 1 /*application='TargetApi'*/[0m
  [1m[36mActiveRecord::InternalMetadata Update (1.7ms)[0m  [1m[33mUPDATE `ar_internal_metadata` SET `ar_internal_metadata`.`value` = 'test', `ar_internal_metadata`.`updated_at` = '2026-07-12 10:10:43.856657' WHERE `ar_internal_metadata`.`key` = 'environment' /*application='TargetApi'*/[0m
  [1m[36mActiveRecord::InternalMetadata Load (0.2ms)[0m  [1m[34mSELECT * FROM `ar_internal_metadata` WHERE `ar_internal_metadata`.`key` = 'schema_sha1' ORDER BY `ar_internal_metadata`.`key` ASC LIMIT 1 /*application='TargetApi'*/[0m
  [1m[36mActiveRecord::InternalMetadata Create (1.1ms)[0m  [1m[32mINSERT INTO `ar_internal_metadata` (`key`, `value`, `created_at`, `updated_at`) VALUES ('schema_sha1', 'b44e8e50e7c99a344956f31c5b720a0d792a3174', '2026-07-12 10:10:43.859270', '2026-07-12 10:10:43.859270') /*application='TargetApi'*/[0m
  [1m[36mActiveRecord::SchemaMigration Load (0.6ms)[0m  [1m[34mSELECT `schema_migrations`.`version` FROM `schema_migrations` ORDER BY `schema_migrations`.`version` ASC /*application='TargetApi'*/[0m
  [1m[36mActiveRecord::InternalMetadata Load (0.7ms)[0m  [1m[34mSELECT * FROM `ar_internal_metadata` WHERE `ar_internal_metadata`.`key` = 'environment' ORDER BY `ar_internal_metadata`.`key` ASC LIMIT 1 /*application='TargetApi'*/[0m
  [1m[36mActiveRecord::SchemaMigration Load (0.4ms)[0m  [1m[34mSELECT `schema_migrations`.`version` FROM `schema_migrations` ORDER BY `schema_migrations`.`version` ASC /*application='TargetApi'*/[0m
  [1m[36mActiveRecord::InternalMetadata Load (0.5ms)[0m  [1m[34mSELECT * FROM `ar_internal_metadata` WHERE `ar_internal_metadata`.`key` = 'environment' ORDER BY `ar_internal_metadata`.`key` ASC LIMIT 1 /*application='TargetApi'*/[0m
  [1m[36mActiveRecord::SchemaMigration Load (0.5ms)[0m  [1m[34mSELECT `schema_migrations`.`version` FROM `schema_migrations` ORDER BY `schema_migrations`.`version` ASC /*application='TargetApi'*/[0m
  [1m[36mActiveRecord::InternalMetadata Load (0.5ms)[0m  [1m[34mSELECT * FROM `ar_internal_metadata` WHERE `ar_internal_metadata`.`key` = 'environment' ORDER BY `ar_internal_metadata`.`key` ASC LIMIT 1 /*application='TargetApi'*/[0m
  [1m[35m (33.2ms)[0m  [1m[35mDROP DATABASE IF EXISTS `target_api_test` /*application='TargetApi'*/[0m
  [1m[35m (1.4ms)[0m  [1m[35mCREATE DATABASE `target_api_test` DEFAULT CHARACTER SET `utf8mb4` /*application='TargetApi'*/[0m
  [1m[35m (1.1ms)[0m  [1m[35mDROP TABLE IF EXISTS `orders_replica` CASCADE /*application='TargetApi'*/[0m
  [1m[35m (8.4ms)[0m  [1m[35mCREATE TABLE `orders_replica` (`id` varchar(36) NOT NULL PRIMARY KEY, `amount` decimal(12,2) NOT NULL, `customer_id` varchar(36) NOT NULL, `replicated_at` datetime(6) DEFAULT CURRENT_TIMESTAMP(6) NOT NULL, `source_event_id` varchar(36) NOT NULL, `source_seq` bigint unsigned NOT NULL, `status` varchar(32) NOT NULL) DEFAULT CHARSET=utf8mb4 COLLATE=utf8mb4_0900_ai_ci /*application='TargetApi'*/[0m
  [1m[35m (0.9ms)[0m  [1m[35mDROP TABLE IF EXISTS `processed_events` CASCADE /*application='TargetApi'*/[0m
  [1m[35m (5.1ms)[0m  [1m[35mCREATE TABLE `processed_events` (`event_id` varchar(36) NOT NULL PRIMARY KEY, `processed_at` datetime(6) DEFAULT CURRENT_TIMESTAMP(6) NOT NULL) DEFAULT CHARSET=utf8mb4 COLLATE=utf8mb4_0900_ai_ci /*application='TargetApi'*/[0m
  [1m[35m (5.5ms)[0m  [1m[35mCREATE TABLE `schema_migrations` (`version` varchar(255) NOT NULL PRIMARY KEY) /*application='TargetApi'*/[0m
  [1m[36mActiveRecord::SchemaMigration Load (0.5ms)[0m  [1m[34mSELECT `schema_migrations`.`version` FROM `schema_migrations` ORDER BY `schema_migrations`.`version` ASC /*application='TargetApi'*/[0m
  [1m[35m (1.1ms)[0m  [1m[32mINSERT INTO `schema_migrations` (version) VALUES (20260712000001) /*application='TargetApi'*/[0m
  [1m[35m (7.9ms)[0m  [1m[35mCREATE TABLE `ar_internal_metadata` (`key` varchar(255) NOT NULL PRIMARY KEY, `value` varchar(255), `created_at` datetime(6) NOT NULL, `updated_at` datetime(6) NOT NULL) /*application='TargetApi'*/[0m
  [1m[36mActiveRecord::InternalMetadata Load (0.6ms)[0m  [1m[34mSELECT * FROM `ar_internal_metadata` WHERE `ar_internal_metadata`.`key` = 'environment' ORDER BY `ar_internal_metadata`.`key` ASC LIMIT 1 /*application='TargetApi'*/[0m
  [1m[36mActiveRecord::InternalMetadata Create (1.2ms)[0m  [1m[32mINSERT INTO `ar_internal_metadata` (`key`, `value`, `created_at`, `updated_at`) VALUES ('environment', 'development', '2026-07-12 10:11:18.811294', '2026-07-12 10:11:18.811295') /*application='TargetApi'*/[0m
  [1m[36mActiveRecord::InternalMetadata Load (0.3ms)[0m  [1m[34mSELECT * FROM `ar_internal_metadata` WHERE `ar_internal_metadata`.`key` = 'environment' ORDER BY `ar_internal_metadata`.`key` ASC LIMIT 1 /*application='TargetApi'*/[0m
  [1m[36mActiveRecord::InternalMetadata Update (1.1ms)[0m  [1m[33mUPDATE `ar_internal_metadata` SET `ar_internal_metadata`.`value` = 'test', `ar_internal_metadata`.`updated_at` = '2026-07-12 10:11:18.814634' WHERE `ar_internal_metadata`.`key` = 'environment' /*application='TargetApi'*/[0m
  [1m[36mActiveRecord::InternalMetadata Load (0.3ms)[0m  [1m[34mSELECT * FROM `ar_internal_metadata` WHERE `ar_internal_metadata`.`key` = 'schema_sha1' ORDER BY `ar_internal_metadata`.`key` ASC LIMIT 1 /*application='TargetApi'*/[0m
  [1m[36mActiveRecord::InternalMetadata Create (1.2ms)[0m  [1m[32mINSERT INTO `ar_internal_metadata` (`key`, `value`, `created_at`, `updated_at`) VALUES ('schema_sha1', 'b44e8e50e7c99a344956f31c5b720a0d792a3174', '2026-07-12 10:11:18.816820', '2026-07-12 10:11:18.816821') /*application='TargetApi'*/[0m
  [1m[36mActiveRecord::SchemaMigration Load (0.8ms)[0m  [1m[34mSELECT `schema_migrations`.`version` FROM `schema_migrations` ORDER BY `schema_migrations`.`version` ASC /*application='TargetApi'*/[0m
  [1m[36mActiveRecord::InternalMetadata Load (0.8ms)[0m  [1m[34mSELECT * FROM `ar_internal_metadata` WHERE `ar_internal_metadata`.`key` = 'environment' ORDER BY `ar_internal_metadata`.`key` ASC LIMIT 1 /*application='TargetApi'*/[0m
  [1m[36mActiveRecord::SchemaMigration Load (0.7ms)[0m  [1m[34mSELECT `schema_migrations`.`version` FROM `schema_migrations` ORDER BY `schema_migrations`.`version` ASC /*application='TargetApi'*/[0m
  [1m[36mActiveRecord::InternalMetadata Load (0.8ms)[0m  [1m[34mSELECT * FROM `ar_internal_metadata` WHERE `ar_internal_metadata`.`key` = 'environment' ORDER BY `ar_internal_metadata`.`key` ASC LIMIT 1 /*application='TargetApi'*/[0m
  [1m[36mActiveRecord::SchemaMigration Load (0.7ms)[0m  [1m[34mSELECT `schema_migrations`.`version` FROM `schema_migrations` ORDER BY `schema_migrations`.`version` ASC /*application='TargetApi'*/[0m
  [1m[36mActiveRecord::InternalMetadata Load (0.8ms)[0m  [1m[34mSELECT * FROM `ar_internal_metadata` WHERE `ar_internal_metadata`.`key` = 'environment' ORDER BY `ar_internal_metadata`.`key` ASC LIMIT 1 /*application='TargetApi'*/[0m
  [1m[35m (26.6ms)[0m  [1m[35mDROP DATABASE IF EXISTS `target_api_test` /*application='TargetApi'*/[0m
  [1m[35m (3.6ms)[0m  [1m[35mCREATE DATABASE `target_api_test` DEFAULT CHARACTER SET `utf8mb4` /*application='TargetApi'*/[0m
  [1m[35m (0.6ms)[0m  [1m[35mDROP TABLE IF EXISTS `orders_replica` CASCADE /*application='TargetApi'*/[0m
  [1m[35m (9.1ms)[0m  [1m[35mCREATE TABLE `orders_replica` (`id` varchar(36) NOT NULL PRIMARY KEY, `amount` decimal(12,2) NOT NULL, `customer_id` varchar(36) NOT NULL, `replicated_at` datetime(6) DEFAULT CURRENT_TIMESTAMP(6) NOT NULL, `source_event_id` varchar(36) NOT NULL, `source_seq` bigint unsigned NOT NULL, `status` varchar(32) NOT NULL) DEFAULT CHARSET=utf8mb4 COLLATE=utf8mb4_0900_ai_ci /*application='TargetApi'*/[0m
  [1m[35m (0.8ms)[0m  [1m[35mDROP TABLE IF EXISTS `processed_events` CASCADE /*application='TargetApi'*/[0m
  [1m[35m (6.4ms)[0m  [1m[35mCREATE TABLE `processed_events` (`event_id` varchar(36) NOT NULL PRIMARY KEY, `processed_at` datetime(6) DEFAULT CURRENT_TIMESTAMP(6) NOT NULL) DEFAULT CHARSET=utf8mb4 COLLATE=utf8mb4_0900_ai_ci /*application='TargetApi'*/[0m
  [1m[35m (8.1ms)[0m  [1m[35mCREATE TABLE `schema_migrations` (`version` varchar(255) NOT NULL PRIMARY KEY) /*application='TargetApi'*/[0m
  [1m[36mActiveRecord::SchemaMigration Load (0.4ms)[0m  [1m[34mSELECT `schema_migrations`.`version` FROM `schema_migrations` ORDER BY `schema_migrations`.`version` ASC /*application='TargetApi'*/[0m
  [1m[35m (2.9ms)[0m  [1m[32mINSERT INTO `schema_migrations` (version) VALUES (20260712000001) /*application='TargetApi'*/[0m
  [1m[35m (7.5ms)[0m  [1m[35mCREATE TABLE `ar_internal_metadata` (`key` varchar(255) NOT NULL PRIMARY KEY, `value` varchar(255), `created_at` datetime(6) NOT NULL, `updated_at` datetime(6) NOT NULL) /*application='TargetApi'*/[0m
  [1m[36mActiveRecord::InternalMetadata Load (0.5ms)[0m  [1m[34mSELECT * FROM `ar_internal_metadata` WHERE `ar_internal_metadata`.`key` = 'environment' ORDER BY `ar_internal_metadata`.`key` ASC LIMIT 1 /*application='TargetApi'*/[0m
  [1m[36mActiveRecord::InternalMetadata Create (1.0ms)[0m  [1m[32mINSERT INTO `ar_internal_metadata` (`key`, `value`, `created_at`, `updated_at`) VALUES ('environment', 'development', '2026-07-12 10:11:48.421244', '2026-07-12 10:11:48.421246') /*application='TargetApi'*/[0m
  [1m[36mActiveRecord::InternalMetadata Load (0.3ms)[0m  [1m[34mSELECT * FROM `ar_internal_metadata` WHERE `ar_internal_metadata`.`key` = 'environment' ORDER BY `ar_internal_metadata`.`key` ASC LIMIT 1 /*application='TargetApi'*/[0m
  [1m[36mActiveRecord::InternalMetadata Update (1.0ms)[0m  [1m[33mUPDATE `ar_internal_metadata` SET `ar_internal_metadata`.`value` = 'test', `ar_internal_metadata`.`updated_at` = '2026-07-12 10:11:48.424121' WHERE `ar_internal_metadata`.`key` = 'environment' /*application='TargetApi'*/[0m
  [1m[36mActiveRecord::InternalMetadata Load (0.3ms)[0m  [1m[34mSELECT * FROM `ar_internal_metadata` WHERE `ar_internal_metadata`.`key` = 'schema_sha1' ORDER BY `ar_internal_metadata`.`key` ASC LIMIT 1 /*application='TargetApi'*/[0m
  [1m[36mActiveRecord::InternalMetadata Create (0.9ms)[0m  [1m[32mINSERT INTO `ar_internal_metadata` (`key`, `value`, `created_at`, `updated_at`) VALUES ('schema_sha1', 'b44e8e50e7c99a344956f31c5b720a0d792a3174', '2026-07-12 10:11:48.426055', '2026-07-12 10:11:48.426055') /*application='TargetApi'*/[0m
  [1m[36mActiveRecord::SchemaMigration Load (0.9ms)[0m  [1m[34mSELECT `schema_migrations`.`version` FROM `schema_migrations` ORDER BY `schema_migrations`.`version` ASC /*application='TargetApi'*/[0m
  [1m[36mActiveRecord::InternalMetadata Load (0.5ms)[0m  [1m[34mSELECT * FROM `ar_internal_metadata` WHERE `ar_internal_metadata`.`key` = 'environment' ORDER BY `ar_internal_metadata`.`key` ASC LIMIT 1 /*application='TargetApi'*/[0m
  [1m[36mActiveRecord::SchemaMigration Load (0.4ms)[0m  [1m[34mSELECT `schema_migrations`.`version` FROM `schema_migrations` ORDER BY `schema_migrations`.`version` ASC /*application='TargetApi'*/[0m
  [1m[36mActiveRecord::InternalMetadata Load (0.5ms)[0m  [1m[34mSELECT * FROM `ar_internal_metadata` WHERE `ar_internal_metadata`.`key` = 'environment' ORDER BY `ar_internal_metadata`.`key` ASC LIMIT 1 /*application='TargetApi'*/[0m
  [1m[36mActiveRecord::SchemaMigration Load (0.5ms)[0m  [1m[34mSELECT `schema_migrations`.`version` FROM `schema_migrations` ORDER BY `schema_migrations`.`version` ASC /*application='TargetApi'*/[0m
  [1m[36mActiveRecord::InternalMetadata Load (0.5ms)[0m  [1m[34mSELECT * FROM `ar_internal_metadata` WHERE `ar_internal_metadata`.`key` = 'environment' ORDER BY `ar_internal_metadata`.`key` ASC LIMIT 1 /*application='TargetApi'*/[0m
  [1m[35m (27.9ms)[0m  [1m[35mDROP DATABASE IF EXISTS `target_api_test` /*application='TargetApi'*/[0m
  [1m[35m (3.2ms)[0m  [1m[35mCREATE DATABASE `target_api_test` DEFAULT CHARACTER SET `utf8mb4` /*application='TargetApi'*/[0m
  [1m[35m (0.7ms)[0m  [1m[35mDROP TABLE IF EXISTS `orders_replica` CASCADE /*application='TargetApi'*/[0m
  [1m[35m (7.2ms)[0m  [1m[35mCREATE TABLE `orders_replica` (`id` varchar(36) NOT NULL PRIMARY KEY, `amount` decimal(12,2) NOT NULL, `customer_id` varchar(36) NOT NULL, `replicated_at` datetime(6) DEFAULT CURRENT_TIMESTAMP(6) NOT NULL, `source_event_id` varchar(36) NOT NULL, `source_seq` bigint unsigned NOT NULL, `status` varchar(32) NOT NULL) DEFAULT CHARSET=utf8mb4 COLLATE=utf8mb4_0900_ai_ci /*application='TargetApi'*/[0m
  [1m[35m (0.7ms)[0m  [1m[35mDROP TABLE IF EXISTS `processed_events` CASCADE /*application='TargetApi'*/[0m
  [1m[35m (7.3ms)[0m  [1m[35mCREATE TABLE `processed_events` (`event_id` varchar(36) NOT NULL PRIMARY KEY, `processed_at` datetime(6) DEFAULT CURRENT_TIMESTAMP(6) NOT NULL) DEFAULT CHARSET=utf8mb4 COLLATE=utf8mb4_0900_ai_ci /*application='TargetApi'*/[0m
  [1m[35m (7.7ms)[0m  [1m[35mCREATE TABLE `schema_migrations` (`version` varchar(255) NOT NULL PRIMARY KEY) /*application='TargetApi'*/[0m
  [1m[36mActiveRecord::SchemaMigration Load (0.4ms)[0m  [1m[34mSELECT `schema_migrations`.`version` FROM `schema_migrations` ORDER BY `schema_migrations`.`version` ASC /*application='TargetApi'*/[0m
  [1m[35m (2.1ms)[0m  [1m[32mINSERT INTO `schema_migrations` (version) VALUES (20260712000001) /*application='TargetApi'*/[0m
  [1m[35m (8.3ms)[0m  [1m[35mCREATE TABLE `ar_internal_metadata` (`key` varchar(255) NOT NULL PRIMARY KEY, `value` varchar(255), `created_at` datetime(6) NOT NULL, `updated_at` datetime(6) NOT NULL) /*application='TargetApi'*/[0m
  [1m[36mActiveRecord::InternalMetadata Load (0.5ms)[0m  [1m[34mSELECT * FROM `ar_internal_metadata` WHERE `ar_internal_metadata`.`key` = 'environment' ORDER BY `ar_internal_metadata`.`key` ASC LIMIT 1 /*application='TargetApi'*/[0m
  [1m[36mActiveRecord::InternalMetadata Create (1.3ms)[0m  [1m[32mINSERT INTO `ar_internal_metadata` (`key`, `value`, `created_at`, `updated_at`) VALUES ('environment', 'development', '2026-07-12 10:12:18.430820', '2026-07-12 10:12:18.430821') /*application='TargetApi'*/[0m
  [1m[36mActiveRecord::InternalMetadata Load (0.2ms)[0m  [1m[34mSELECT * FROM `ar_internal_metadata` WHERE `ar_internal_metadata`.`key` = 'environment' ORDER BY `ar_internal_metadata`.`key` ASC LIMIT 1 /*application='TargetApi'*/[0m
  [1m[36mActiveRecord::InternalMetadata Update (1.1ms)[0m  [1m[33mUPDATE `ar_internal_metadata` SET `ar_internal_metadata`.`value` = 'test', `ar_internal_metadata`.`updated_at` = '2026-07-12 10:12:18.434260' WHERE `ar_internal_metadata`.`key` = 'environment' /*application='TargetApi'*/[0m
  [1m[36mActiveRecord::InternalMetadata Load (0.3ms)[0m  [1m[34mSELECT * FROM `ar_internal_metadata` WHERE `ar_internal_metadata`.`key` = 'schema_sha1' ORDER BY `ar_internal_metadata`.`key` ASC LIMIT 1 /*application='TargetApi'*/[0m
  [1m[36mActiveRecord::InternalMetadata Create (2.8ms)[0m  [1m[32mINSERT INTO `ar_internal_metadata` (`key`, `value`, `created_at`, `updated_at`) VALUES ('schema_sha1', 'b44e8e50e7c99a344956f31c5b720a0d792a3174', '2026-07-12 10:12:18.436395', '2026-07-12 10:12:18.436396') /*application='TargetApi'*/[0m
